Archive member included to satisfy reference by file (symbol)

C:/ST/STM32CubeIDE_1.13.2/STM32CubeIDE/plugins/com.st.stm32cube.ide.mcu.externaltools.gnu-tools-for-stm32.11.3.rel1.win32_1.1.1.202309131626/tools/bin/../lib/gcc/arm-none-eabi/11.3.1/../../../../arm-none-eabi/lib/thumb/v7-m/nofp\libc_nano.a(libc_a-exit.o)
                              C:/ST/STM32CubeIDE_1.13.2/STM32CubeIDE/plugins/com.st.stm32cube.ide.mcu.externaltools.gnu-tools-for-stm32.11.3.rel1.win32_1.1.1.202309131626/tools/bin/../lib/gcc/arm-none-eabi/11.3.1/../../../../arm-none-eabi/lib/thumb/v7-m/nofp/crt0.o (exit)
C:/ST/STM32CubeIDE_1.13.2/STM32CubeIDE/plugins/com.st.stm32cube.ide.mcu.externaltools.gnu-tools-for-stm32.11.3.rel1.win32_1.1.1.202309131626/tools/bin/../lib/gcc/arm-none-eabi/11.3.1/../../../../arm-none-eabi/lib/thumb/v7-m/nofp\libc_nano.a(libc_a-findfp.o)
                              C:/ST/STM32CubeIDE_1.13.2/STM32CubeIDE/plugins/com.st.stm32cube.ide.mcu.externaltools.gnu-tools-for-stm32.11.3.rel1.win32_1.1.1.202309131626/tools/bin/../lib/gcc/arm-none-eabi/11.3.1/../../../../arm-none-eabi/lib/thumb/v7-m/nofp\libc_nano.a(libc_a-exit.o) (__stdio_exit_handler)
C:/ST/STM32CubeIDE_1.13.2/STM32CubeIDE/plugins/com.st.stm32cube.ide.mcu.externaltools.gnu-tools-for-stm32.11.3.rel1.win32_1.1.1.202309131626/tools/bin/../lib/gcc/arm-none-eabi/11.3.1/../../../../arm-none-eabi/lib/thumb/v7-m/nofp\libc_nano.a(libc_a-fwalk.o)
                              C:/ST/STM32CubeIDE_1.13.2/STM32CubeIDE/plugins/com.st.stm32cube.ide.mcu.externaltools.gnu-tools-for-stm32.11.3.rel1.win32_1.1.1.202309131626/tools/bin/../lib/gcc/arm-none-eabi/11.3.1/../../../../arm-none-eabi/lib/thumb/v7-m/nofp\libc_nano.a(libc_a-findfp.o) (_fwalk_sglue)
C:/ST/STM32CubeIDE_1.13.2/STM32CubeIDE/plugins/com.st.stm32cube.ide.mcu.externaltools.gnu-tools-for-stm32.11.3.rel1.win32_1.1.1.202309131626/tools/bin/../lib/gcc/arm-none-eabi/11.3.1/../../../../arm-none-eabi/lib/thumb/v7-m/nofp\libc_nano.a(libc_a-stdio.o)
                              C:/ST/STM32CubeIDE_1.13.2/STM32CubeIDE/plugins/com.st.stm32cube.ide.mcu.externaltools.gnu-tools-for-stm32.11.3.rel1.win32_1.1.1.202309131626/tools/bin/../lib/gcc/arm-none-eabi/11.3.1/../../../../arm-none-eabi/lib/thumb/v7-m/nofp\libc_nano.a(libc_a-findfp.o) (__sread)
C:/ST/STM32CubeIDE_1.13.2/STM32CubeIDE/plugins/com.st.stm32cube.ide.mcu.externaltools.gnu-tools-for-stm32.11.3.rel1.win32_1.1.1.202309131626/tools/bin/../lib/gcc/arm-none-eabi/11.3.1/../../../../arm-none-eabi/lib/thumb/v7-m/nofp\libc_nano.a(libc_a-memset.o)
                              C:/ST/STM32CubeIDE_1.13.2/STM32CubeIDE/plugins/com.st.stm32cube.ide.mcu.externaltools.gnu-tools-for-stm32.11.3.rel1.win32_1.1.1.202309131626/tools/bin/../lib/gcc/arm-none-eabi/11.3.1/../../../../arm-none-eabi/lib/thumb/v7-m/nofp/crt0.o (memset)
C:/ST/STM32CubeIDE_1.13.2/STM32CubeIDE/plugins/com.st.stm32cube.ide.mcu.externaltools.gnu-tools-for-stm32.11.3.rel1.win32_1.1.1.202309131626/tools/bin/../lib/gcc/arm-none-eabi/11.3.1/../../../../arm-none-eabi/lib/thumb/v7-m/nofp\libc_nano.a(libc_a-closer.o)
                              C:/ST/STM32CubeIDE_1.13.2/STM32CubeIDE/plugins/com.st.stm32cube.ide.mcu.externaltools.gnu-tools-for-stm32.11.3.rel1.win32_1.1.1.202309131626/tools/bin/../lib/gcc/arm-none-eabi/11.3.1/../../../../arm-none-eabi/lib/thumb/v7-m/nofp\libc_nano.a(libc_a-stdio.o) (_close_r)
C:/ST/STM32CubeIDE_1.13.2/STM32CubeIDE/plugins/com.st.stm32cube.ide.mcu.externaltools.gnu-tools-for-stm32.11.3.rel1.win32_1.1.1.202309131626/tools/bin/../lib/gcc/arm-none-eabi/11.3.1/../../../../arm-none-eabi/lib/thumb/v7-m/nofp\libc_nano.a(libc_a-reent.o)
                              C:/ST/STM32CubeIDE_1.13.2/STM32CubeIDE/plugins/com.st.stm32cube.ide.mcu.externaltools.gnu-tools-for-stm32.11.3.rel1.win32_1.1.1.202309131626/tools/bin/../lib/gcc/arm-none-eabi/11.3.1/../../../../arm-none-eabi/lib/thumb/v7-m/nofp\libc_nano.a(libc_a-closer.o) (errno)
C:/ST/STM32CubeIDE_1.13.2/STM32CubeIDE/plugins/com.st.stm32cube.ide.mcu.externaltools.gnu-tools-for-stm32.11.3.rel1.win32_1.1.1.202309131626/tools/bin/../lib/gcc/arm-none-eabi/11.3.1/../../../../arm-none-eabi/lib/thumb/v7-m/nofp\libc_nano.a(libc_a-impure.o)
                              C:/ST/STM32CubeIDE_1.13.2/STM32CubeIDE/plugins/com.st.stm32cube.ide.mcu.externaltools.gnu-tools-for-stm32.11.3.rel1.win32_1.1.1.202309131626/tools/bin/../lib/gcc/arm-none-eabi/11.3.1/../../../../arm-none-eabi/lib/thumb/v7-m/nofp\libc_nano.a(libc_a-reent.o) (_impure_ptr)
C:/ST/STM32CubeIDE_1.13.2/STM32CubeIDE/plugins/com.st.stm32cube.ide.mcu.externaltools.gnu-tools-for-stm32.11.3.rel1.win32_1.1.1.202309131626/tools/bin/../lib/gcc/arm-none-eabi/11.3.1/../../../../arm-none-eabi/lib/thumb/v7-m/nofp\libc_nano.a(libc_a-lseekr.o)
[...]
Memory Configuration

Name             Origin             Length             Attributes
RAM              0x0000000020000000 0x0000000000005000 xrw
FLASH            0x0000000008000000 0x0000000000010000 xr
*default*        0x0000000000000000 0xffffffffffffffff

Linker script and memory map

LOAD C:/ST/STM32CubeIDE_1.13.2/STM32CubeIDE/plugins/com.st.stm32cube.ide.mcu.externaltools.gnu-tools-for-stm32.11.3.rel1.win32_1.1.1.202309131626/tools/bin/../lib/gcc/arm-none-eabi/11.3.1/thumb/v7-m/nofp/crti.o
LOAD C:/ST/STM32CubeIDE_1.13.2/STM32CubeIDE/plugins/com.st.stm32cube.ide.mcu.externaltools.gnu-tools-for-stm32.11.3.rel1.win32_1.1.1.202309131626/tools/bin/../lib/gcc/arm-none-eabi/11.3.1/thumb/v7-m/nofp/crtbegin.o
LOAD C:/ST/STM32CubeIDE_1.13.2/STM32CubeIDE/plugins/com.st.stm32cube.ide.mcu.externaltools.gnu-tools-for-stm32.11.3.rel1.win32_1.1.1.202309131626/tools/bin/../lib/gcc/arm-none-eabi/11.3.1/../../../../arm-none-eabi/lib/thumb/v7-m/nofp/crt0.o
LOAD ./Core/Src/EEPROM.o
LOAD ./Core/Src/analog.o
LOAD ./Core/Src/comm.o
LOAD ./Core/Src/fatfs_sd.o
LOAD ./Core/Src/main.o
LOAD ./Core/Src/stm32f1xx_hal_msp.o
LOAD ./Core/Src/stm32f1xx_it.o
LOAD ./Core/Src/syscalls.o
LOAD ./Core/Src/sysmem.o
LOAD ./Core/Src/system_stm32f1xx.o
LOAD ./Core/Src/utils.o
LOAD ./Core/Startup/startup_stm32f103c8tx.o
LOAD ./Drivers/STM32F1xx_HAL_Driver/Src/stm32f1xx_hal.o
LOAD ./Drivers/STM32F1xx_HAL_Driver/Src/stm32f1xx_hal_adc.o
LOAD ./Drivers/STM32F1xx_HAL_Driver/Src/stm32f1xx_hal_adc_ex.o
LOAD ./Drivers/STM32F1xx_HAL_Driver/Src/stm32f1xx_hal_cortex.o
LOAD ./Drivers/STM32F1xx_HAL_Driver/Src/stm32f1xx_hal_dma.o
LOAD ./Drivers/STM32F1xx_HAL_Driver/Src/stm32f1xx_hal_exti.o
LOAD ./Drivers/STM32F1xx_HAL_Driver/Src/stm32f1xx_hal_flash.o
LOAD ./Drivers/STM32F1xx_HAL_Driver/Src/stm32f1xx_hal_flash_ex.o
LOAD ./Drivers/STM32F1xx_HAL_Driver/Src/stm32f1xx_hal_gpio.o
LOAD ./Drivers/STM32F1xx_HAL_Driver/Src/stm32f1xx_hal_gpio_ex.o
LOAD ./Drivers/STM32F1xx_HAL_Driver/Src/stm32f1xx_hal_i2c.o
LOAD ./Drivers/STM32F1xx_HAL_Driver/Src/stm32f1xx_hal_pcd.o
LOAD ./Drivers/STM32F1xx_HAL_Driver/Src/stm32f1xx_hal_pcd_ex.o
LOAD ./Drivers/STM32F1xx_HAL_Driver/Src/stm32f1xx_hal_pwr.o
LOAD ./Drivers/STM32F1xx_HAL_Driver/Src/stm32f1xx_hal_rcc.o
LOAD ./Drivers/STM32F1xx_HAL_Driver/Src/stm32f1xx_hal_rcc_ex.o
LOAD ./Drivers/STM32F1xx_HAL_Driver/Src/stm32f1xx_hal_spi.o
LOAD ./Drivers/STM32F1xx_HAL_Driver/Src/stm32f1xx_hal_tim.o
LOAD ./Drivers/STM32F1xx_HAL_Driver/Src/stm32f1xx_hal_tim_ex.o
LOAD ./Drivers/STM32F1xx_HAL_Driver/Src/stm32f1xx_ll_exti.o
LOAD ./Drivers/STM32F1xx_HAL_Driver/Src/stm32f1xx_ll_gpio.o
LOAD ./Drivers/STM32F1xx_HAL_Driver/Src/stm32f1xx_ll_rcc.o
LOAD ./Drivers/STM32F1xx_HAL_Driver/Src/stm32f1xx_ll_usb.o
LOAD ./Drivers/STM32F1xx_HAL_Driver/Src/stm32f1xx_ll_utils.o
LOAD ./FATFS/App/fatfs.o
LOAD ./FATFS/Target/user_diskio.o
LOAD ./Middlewares/ST/STM32_USB_Device_Library/Class/CDC/Src/usbd_cdc.o
LOAD ./Middlewares/ST/STM32_USB_Device_Library/Core/Src/usbd_core.o
LOAD ./Middlewares/ST/STM32_USB_Device_Library/Core/Src/usbd_ctlreq.o
LOAD ./Middlewares/ST/STM32_USB_Device_Library/Core/Src/usbd_ioreq.o
LOAD ./Middlewares/Third_Party/FatFs/src/diskio.o
LOAD ./Middlewares/Third_Party/FatFs/src/ff.o
LOAD ./Middlewares/Third_Party/FatFs/src/ff_gen_drv.o
LOAD ./Middlewares/Third_Party/FatFs/src/option/ccsbcs.o
LOAD ./Middlewares/Third_Party/FatFs/src/option/syscall.o
LOAD ./USB_DEVICE/App/usb_device.o
LOAD ./USB_DEVICE/App/usbd_cdc_if.o
LOAD ./USB_DEVICE/App/usbd_desc.o
LOAD ./USB_DEVICE/Target/usbd_conf.o
START GROUP
LOAD C:/ST/STM32CubeIDE_1.13.2/STM32CubeIDE/plugins/com.st.stm32cube.ide.mcu.externaltools.gnu-tools-for-stm32.11.3.rel1.win32_1.1.1.202309131626/tools/bin/../lib/gcc/arm-none-eabi/11.3.1/../../../../arm-none-eabi/lib/thumb/v7-m/nofp\libc_nano.a
LOAD C:/ST/STM32CubeIDE_1.13.2/STM32CubeIDE/plugins/com.st.stm32cube.ide.mcu.externaltools.gnu-tools-for-stm32.11.3.rel1.win32_1.1.1.202309131626/tools/bin/../lib/gcc/arm-none-eabi/11.3.1/../../../../arm-none-eabi/lib/thumb/v7-m/nofp\libm.a
END GROUP
START GROUP
LOAD C:/ST/STM32CubeIDE_1.13.2/STM32CubeIDE/plugins/com.st.stm32cube.ide.mcu.externaltools.gnu-tools-for-stm32.11.3.rel1.win32_1.1.1.202309131626/tools/bin/../lib/gcc/arm-none-eabi/11.3.1/thumb/v7-m/nofp\libgcc.a
LOAD C:/ST/STM32CubeIDE_1.13.2/STM32CubeIDE/plugins/com.st.stm32cube.ide.mcu.externaltools.gnu-tools-for-stm32.11.3.rel1.win32_1.1.1.202309131626/tools/bin/../lib/gcc/arm-none-eabi/11.3.1/../../../../arm-none-eabi/lib/thumb/v7-m/nofp\libc_nano.a
END GROUP
START GROUP
LOAD C:/ST/STM32CubeIDE_1.13.2/STM32CubeIDE/plugins/com.st.stm32cube.ide.mcu.externaltools.gnu-tools-for-stm32.11.3.rel1.win32_1.1.1.202309131626/tools/bin/../lib/gcc/arm-none-eabi/11.3.1/thumb/v7-m/nofp\libgcc.a
LOAD C:/ST/STM32CubeIDE_1.13.2/STM32CubeIDE/plugins/com.st.stm32cube.ide.mcu.externaltools.gnu-tools-for-stm32.11.3.rel1.win32_1.1.1.202309131626/tools/bin/../lib/gcc/arm-none-eabi/11.3.1/../../../../arm-none-eabi/lib/thumb/v7-m/nofp\libc_nano.a
LOAD C:/ST/STM32CubeIDE_1.13.2/STM32CubeIDE/plugins/com.st.stm32cube.ide.mcu.externaltools.gnu-tools-for-stm32.11.3.rel1.win32_1.1.1.202309131626/tools/bin/../lib/gcc/arm-none-eabi/11.3.1/../../../../arm-none-eabi/lib/thumb/v7-m/nofp\libnosys.a
END GROUP
START GROUP
LOAD C:/ST/STM32CubeIDE_1.13.2/STM32CubeIDE/plugins/com.st.stm32cube.ide.mcu.externaltools.gnu-tools-for-stm32.11.3.rel1.win32_1.1.1.202309131626/tools/bin/../lib/gcc/arm-none-eabi/11.3.1/thumb/v7-m/nofp\libgcc.a
LOAD C:/ST/STM32CubeIDE_1.13.2/STM32CubeIDE/plugins/com.st.stm32cube.ide.mcu.externaltools.gnu-tools-for-stm32.11.3.rel1.win32_1.1.1.202309131626/tools/bin/../lib/gcc/arm-none-eabi/11.3.1/../../../../arm-none-eabi/lib/thumb/v7-m/nofp\libc_nano.a
LOAD C:/ST/STM32CubeIDE_1.13.2/STM32CubeIDE/plugins/com.st.stm32cube.ide.mcu.externaltools.gnu-tools-for-stm32.11.3.rel1.win32_1.1.1.202309131626/tools/bin/../lib/gcc/arm-none-eabi/11.3.1/../../../../arm-none-eabi/lib/thumb/v7-m/nofp\libnosys.a
END GROUP
LOAD C:/ST/STM32CubeIDE_1.13.2/STM32CubeIDE/plugins/com.st.stm32cube.ide.mcu.externaltools.gnu-tools-for-stm32.11.3.rel1.win32_1.1.1.202309131626/tools/bin/../lib/gcc/arm-none-eabi/11.3.1/thumb/v7-m/nofp/crtend.o
LOAD C:/ST/STM32CubeIDE_1.13.2/STM32CubeIDE/plugins/com.st.stm32cube.ide.mcu.externaltools.gnu-tools-for-stm32.11.3.rel1.win32_1.1.1.202309131626/tools/bin/../lib/gcc/arm-none-eabi/11.3.1/thumb/v7-m/nofp/crtn.o
                0x0000000020005000                _estack = (ORIGIN (RAM) + LENGTH (RAM))
                0x0000000000000200                _Min_Heap_Size = 0x200
                0x0000000000000400                _Min_Stack_Size = 0x400

.isr_vector     0x0000000008000000      0x10c
                0x0000000008000000                . = ALIGN (0x4)
 *(.isr_vector)
 .isr_vector    0x0000000008000000      0x10c ./Core/Startup/startup_stm32f103c8tx.o
                0x0000000008000000                g_pfnVectors
                0x000000000800010c                . = ALIGN (0x4)

.text           0x0000000008000110     0x66dc
                0x0000000008000110                . = ALIGN (0x4)
 *(.text)
 .text          0x0000000008000110       0x40 C:/ST/STM32CubeIDE_1.13.2/STM32CubeIDE/plugins/com.st.stm32cube.ide.mcu.externaltools.gnu-tools-for-stm32.11.3.rel1.win32_1.1.1.202309131626/tools/bin/../lib/gcc/arm-none-eabi/11.3.1/thumb/v7-m/nofp/crtbegin.o
 .text          0x0000000008000150      0x378 C:/ST/STM32CubeIDE_1.13.2/STM32CubeIDE/plugins/com.st.stm32cube.ide.mcu.externaltools.gnu-tools-for-stm32.11.3.rel1.win32_1.1.1.202309131626/tools/bin/../lib/gcc/arm-none-eabi/11.3.1/thumb/v7-m/nofp\libgcc.a(_arm_addsubdf3.o)
                0x0000000008000150                __aeabi_drsub
                0x0000000008000158                __aeabi_dsub
                0x0000000008000158                __subdf3
                0x000000000800015c                __aeabi_dadd
                0x000000000800015c                __adddf3
                0x00000000080003d4                __floatunsidf
                0x00000000080003d4                __aeabi_ui2d
                0x00000000080003f4                __floatsidf
                0x00000000080003f4                __aeabi_i2d
                0x0000000008000418                __aeabi_f2d
                0x0000000008000418                __extendsfdf2
                0x000000000800045c                __floatundidf
                0x000000000800045c                __aeabi_ul2d
                0x000000000800046c                __floatdidf
                0x000000000800046c                __aeabi_l2d
 .text          0x00000000080004c8      0x424 C:/ST/STM32CubeIDE_1.13.2/STM32CubeIDE/plugins/com.st.stm32cube.ide.mcu.externaltools.gnu-tools-for-stm32.11.3.rel1.win32_1.1.1.202309131626/tools/bin/../lib/gcc/arm-none-eabi/11.3.1/thumb/v7-m/nofp\libgcc.a(_arm_muldivdf3.o)
                0x00000000080004c8                __aeabi_dmul
                0x00000000080004c8                __muldf3
                0x000000000800071c                __divdf3
                0x000000000800071c                __aeabi_ddiv
 .text          0x00000000080008ec      0x110 C:/ST/STM32CubeIDE_1.13.2/STM32CubeIDE/plugins/com.st.stm32cube.ide.mcu.externaltools.gnu-tools-for-stm32.11.3.rel1.win32_1.1.1.202309131626/tools/bin/../lib/gcc/arm-none-eabi/11.3.1/thumb/v7-m/nofp\libgcc.a(_arm_cmpdf2.o)
                0x00000000080008ec                __gtdf2
                0x00000000080008ec                __gedf2
                0x00000000080008f4                __ltdf2
                0x00000000080008f4                __ledf2
                0x00000000080008fc                __nedf2
                0x00000000080008fc                __eqdf2
                0x00000000080008fc                __cmpdf2
                0x0000000008000978                __aeabi_cdrcmple
                0x0000000008000988                __aeabi_cdcmpeq
                0x0000000008000988                __aeabi_cdcmple
                0x0000000008000998                __aeabi_dcmpeq
                0x00000000080009ac                __aeabi_dcmplt
                0x00000000080009c0                __aeabi_dcmple
                0x00000000080009d4                __aeabi_dcmpge
                0x00000000080009e8                __aeabi_dcmpgt
 .text          0x00000000080009fc       0x2c C:/ST/STM32CubeIDE_1.13.2/STM32CubeIDE/plugins/com.st.stm32cube.ide.mcu.externaltools.gnu-tools-for-stm32.11.3.rel1.win32_1.1.1.202309131626/tools/bin/../lib/gcc/arm-none-eabi/11.3.1/thumb/v7-m/nofp\libgcc.a(_arm_unorddf2.o)
                0x00000000080009fc                __unorddf2
                0x00000000080009fc                __aeabi_dcmpun
 .text          0x0000000008000a28       0x40 C:/ST/STM32CubeIDE_1.13.2/STM32CubeIDE/plugins/com.st.stm32cube.ide.mcu.externaltools.gnu-tools-for-stm32.11.3.rel1.win32_1.1.1.202309131626/tools/bin/../lib/gcc/arm-none-eabi/11.3.1/thumb/v7-m/nofp\libgcc.a(_arm_fixunsdfsi.o)
                0x0000000008000a28                __aeabi_d2uiz
                0x0000000008000a28                __fixunsdfsi
 .text          0x0000000008000a68      0x21c C:/ST/STM32CubeIDE_1.13.2/STM32CubeIDE/plugins/com.st.stm32cube.ide.mcu.externaltools.gnu-tools-for-stm32.11.3.rel1.win32_1.1.1.202309131626/tools/bin/../lib/gcc/arm-none-eabi/11.3.1/thumb/v7-m/nofp\libgcc.a(_arm_addsubsf3.o)
                0x0000000008000a68                __aeabi_frsub
                0x0000000008000a70                __subsf3
                0x0000000008000a70                __aeabi_fsub
                0x0000000008000a74                __aeabi_fadd
                0x0000000008000a74                __addsf3
                0x0000000008000bd4                __aeabi_ui2f
                0x0000000008000bd4                __floatunsisf
                0x0000000008000bdc                __aeabi_i2f
                0x0000000008000bdc                __floatsisf
                0x0000000008000bf8                __aeabi_ul2f
                0x0000000008000bf8                __floatundisf
                0x0000000008000c08                __aeabi_l2f
                0x0000000008000c08                __floatdisf
 .text          0x0000000008000c84      0x2a0 C:/ST/STM32CubeIDE_1.13.2/STM32CubeIDE/plugins/com.st.stm32cube.ide.mcu.externaltools.gnu-tools-for-stm32.11.3.rel1.win32_1.1.1.202309131626/tools/bin/../lib/gcc/arm-none-eabi/11.3.1/thumb/v7-m/nofp\libgcc.a(_arm_muldivsf3.o)
                0x0000000008000c84                __mulsf3
                0x0000000008000c84                __aeabi_fmul
                0x0000000008000dec                __aeabi_fdiv
                0x0000000008000dec                __divsf3
 .text          0x0000000008000f24       0xec C:/ST/STM32CubeIDE_1.13.2/STM32CubeIDE/plugins/com.st.stm32cube.ide.mcu.externaltools.gnu-tools-for-stm32.11.3.rel1.win32_1.1.1.202309131626/tools/bin/../lib/gcc/arm-none-eabi/11.3.1/thumb/v7-m/nofp\libgcc.a(_arm_cmpsf2.o)
                0x0000000008000f24                __gesf2
                0x0000000008000f24                __gtsf2
                0x0000000008000f2c                __lesf2
                0x0000000008000f2c                __ltsf2
                0x0000000008000f34                __nesf2
                0x0000000008000f34                __eqsf2
                0x0000000008000f34                __cmpsf2
                0x0000000008000f94                __aeabi_cfrcmple
                0x0000000008000f9c                __aeabi_cfcmpeq
                0x0000000008000f9c                __aeabi_cfcmple
                0x0000000008000fac                __aeabi_fcmpeq
                0x0000000008000fc0                __aeabi_fcmplt
                0x0000000008000fd4                __aeabi_fcmple
                0x0000000008000fe8                __aeabi_fcmpge
                0x0000000008000ffc                __aeabi_fcmpgt
 .text          0x0000000008001010       0x40 C:/ST/STM32CubeIDE_1.13.2/STM32CubeIDE/plugins/com.st.stm32cube.ide.mcu.externaltools.gnu-tools-for-stm32.11.3.rel1.win32_1.1.1.202309131626/tools/bin/../lib/gcc/arm-none-eabi/11.3.1/thumb/v7-m/nofp\libgcc.a(_arm_fixunssfsi.o)
                0x0000000008001010                __fixunssfsi
                0x0000000008001010                __aeabi_f2uiz
 .text          0x0000000008001050       0x30 C:/ST/STM32CubeIDE_1.13.2/STM32CubeIDE/plugins/com.st.stm32cube.ide.mcu.externaltools.gnu-tools-for-stm32.11.3.rel1.win32_1.1.1.202309131626/tools/bin/../lib/gcc/arm-none-eabi/11.3.1/thumb/v7-m/nofp\libgcc.a(_aeabi_uldivmod.o)
                0x0000000008001050                __aeabi_uldivmod
 .text          0x0000000008001080      0x2cc C:/ST/STM32CubeIDE_1.13.2/STM32CubeIDE/plugins/com.st.stm32cube.ide.mcu.externaltools.gnu-tools-for-stm32.11.3.rel1.win32_1.1.1.202309131626/tools/bin/../lib/gcc/arm-none-eabi/11.3.1/thumb/v7-m/nofp\libgcc.a(_udivmoddi4.o)
                0x0000000008001080                __udivmoddi4
 .text          0x000000000800134c        0x4 C:/ST/STM32CubeIDE_1.13.2/STM32CubeIDE/plugins/com.st.stm32cube.ide.mcu.externaltools.gnu-tools-for-stm32.11.3.rel1.win32_1.1.1.202309131626/tools/bin/../lib/gcc/arm-none-eabi/11.3.1/thumb/v7-m/nofp\libgcc.a(_dvmd_tls.o)
                0x000000000800134c                __aeabi_idiv0
                0x000000000800134c                __aeabi_ldiv0
 *(.text*)
 .text.initEEPROM
                0x0000000008001350       0x18 ./Core/Src/EEPROM.o
                0x0000000008001350                initEEPROM
 .text.writeEEPROM
                0x0000000008001368       0x74 ./Core/Src/EEPROM.o
                0x0000000008001368                writeEEPROM
 .text.setTransmissionDelay
                0x00000000080013dc       0x20 ./Core/Src/EEPROM.o
                0x00000000080013dc                setTransmissionDelay
 .text.setTransmissionStatus
                0x00000000080013fc       0x20 ./Core/Src/EEPROM.o
                0x00000000080013fc                setTransmissionStatus
 .text.initAnalog
                0x000000000800141c       0x2c ./Core/Src/analog.o
                0x000000000800141c                initAnalog
 .text.HAL_ADC_ConvCpltCallback
                0x0000000008001448       0xa0 ./Core/Src/analog.o
                0x0000000008001448                HAL_ADC_ConvCpltCallback
 .text.readRAW  0x00000000080014e8       0x74 ./Core/Src/analog.o
                0x00000000080014e8                readRAW
 .text.readValues
                0x000000000800155c       0x48 ./Core/Src/analog.o
                0x000000000800155c                readValues
 .text.USB_CDC_RxHandler
                0x00000000080015a4      0x200 ./Core/Src/comm.o
                0x00000000080015a4                USB_CDC_RxHandler
 .text.transmitMessage
                0x00000000080017a4       0x70 ./Core/Src/comm.o
                0x00000000080017a4                transmitMessage
 .text.SPI_TxBuffer
                0x0000000008001814       0x1c ./Core/Src/fatfs_sd.o
 .text.SPI_TxByte
                0x0000000008001830       0x28 ./Core/Src/fatfs_sd.o
 .text.SELECT   0x0000000008001858       0x1c ./Core/Src/fatfs_sd.o
 .text.DESELECT
                0x0000000008001874       0x1c ./Core/Src/fatfs_sd.o
 .text.SPI_RxByte
                0x0000000008001890       0x34 ./Core/Src/fatfs_sd.o
 .text.SD_PowerOn
                0x00000000080018c4       0x54 ./Core/Src/fatfs_sd.o
 .text.SD_ReadyWait
                0x0000000008001918       0x20 ./Core/Src/fatfs_sd.o
 .text.SD_TxDataBlock
                0x0000000008001938       0x5e ./Core/Src/fatfs_sd.o
 .text.SD_SendCmd
                0x0000000008001996       0x64 ./Core/Src/fatfs_sd.o
 *fill*         0x00000000080019fa        0x2 
 .text.SD_RxDataBlock
                0x00000000080019fc       0x44 ./Core/Src/fatfs_sd.o
 .text.SD_disk_initialize
                0x0000000008001a40      0x154 ./Core/Src/fatfs_sd.o
                0x0000000008001a40                SD_disk_initialize
 .text.SD_disk_status
                0x0000000008001b94       0x14 ./Core/Src/fatfs_sd.o
                0x0000000008001b94                SD_disk_status
 .text.SD_disk_read
                0x0000000008001ba8       0x8c ./Core/Src/fatfs_sd.o
                0x0000000008001ba8                SD_disk_read
 .text.SD_disk_write
                0x0000000008001c34       0xb0 ./Core/Src/fatfs_sd.o
                0x0000000008001c34                SD_disk_write
 .text.SD_disk_ioctl
                0x0000000008001ce4      0x140 ./Core/Src/fatfs_sd.o
                0x0000000008001ce4                SD_disk_ioctl
 .text.LL_APB2_GRP1_EnableClock
                0x0000000008001e24       0x1c ./Core/Src/main.o
 .text.SystemClock_Config
                0x0000000008001e40       0xac ./Core/Src/main.o
                0x0000000008001e40                SystemClock_Config
 .text.startup.main
                0x0000000008001eec      0x2c4 ./Core/Src/main.o
                0x0000000008001eec                main
 .text.Error_Handler
                0x00000000080021b0        0x4 ./Core/Src/main.o
                0x00000000080021b0                Error_Handler
 .text.HAL_MspInit
                0x00000000080021b4       0x44 ./Core/Src/stm32f1xx_hal_msp.o
                0x00000000080021b4                HAL_MspInit
 .text.HAL_ADC_MspInit
                0x00000000080021f8       0xbc ./Core/Src/stm32f1xx_hal_msp.o
                0x00000000080021f8                HAL_ADC_MspInit
 .text.HAL_I2C_MspInit
                0x00000000080022b4       0x78 ./Core/Src/stm32f1xx_hal_msp.o
                0x00000000080022b4                HAL_I2C_MspInit
 .text.HAL_SPI_MspInit
                0x000000000800232c       0x84 ./Core/Src/stm32f1xx_hal_msp.o
                0x000000000800232c                HAL_SPI_MspInit
 .text.NMI_Handler
                0x00000000080023b0        0x2 ./Core/Src/stm32f1xx_it.o
                0x00000000080023b0                NMI_Handler
 .text.HardFault_Handler
                0x00000000080023b2        0x2 ./Core/Src/stm32f1xx_it.o
                0x00000000080023b2                HardFault_Handler
 .text.MemManage_Handler
                0x00000000080023b4        0x2 ./Core/Src/stm32f1xx_it.o
                0x00000000080023b4                MemManage_Handler
 .text.BusFault_Handler
                0x00000000080023b6        0x2 ./Core/Src/stm32f1xx_it.o
                0x00000000080023b6                BusFault_Handler
 .text.UsageFault_Handler
                0x00000000080023b8        0x2 ./Core/Src/stm32f1xx_it.o
                0x00000000080023b8                UsageFault_Handler
 .text.SVC_Handler
                0x00000000080023ba        0x2 ./Core/Src/stm32f1xx_it.o
                0x00000000080023ba                SVC_Handler
 .text.DebugMon_Handler
                0x00000000080023bc        0x2 ./Core/Src/stm32f1xx_it.o
                0x00000000080023bc                DebugMon_Handler
 .text.PendSV_Handler
                0x00000000080023be        0x2 ./Core/Src/stm32f1xx_it.o
                0x00000000080023be                PendSV_Handler
 .text.SysTick_Handler
                0x00000000080023c0       0x54 ./Core/Src/stm32f1xx_it.o
                0x00000000080023c0                SysTick_Handler
 .text.DMA1_Channel1_IRQHandler
                0x0000000008002414        0xc ./Core/Src/stm32f1xx_it.o
                0x0000000008002414                DMA1_Channel1_IRQHandler
 .text.USB_LP_CAN1_RX0_IRQHandler
                0x0000000008002420        0xc ./Core/Src/stm32f1xx_it.o
                0x0000000008002420                USB_LP_CAN1_RX0_IRQHandler
 .text.SystemInit
                0x000000000800242c        0x2 ./Core/Src/system_stm32f1xx.o
                0x000000000800242c                SystemInit
 *fill*         0x000000000800242e        0x2 
 .text.string2Float
                0x0000000008002430      0x134 ./Core/Src/utils.o
                0x0000000008002430                string2Float
 .text.Reset_Handler
                0x0000000008002564       0x48 ./Core/Startup/startup_stm32f103c8tx.o
                0x0000000008002564                Reset_Handler
 .text.Default_Handler
                0x00000000080025ac        0x2 ./Core/Startup/startup_stm32f103c8tx.o
                0x00000000080025ac                RTC_Alarm_IRQHandler
                0x00000000080025ac                EXTI2_IRQHandler
                0x00000000080025ac                TIM1_CC_IRQHandler
                0x00000000080025ac                PVD_IRQHandler
                0x00000000080025ac                EXTI3_IRQHandler
                0x00000000080025ac                EXTI0_IRQHandler
                0x00000000080025ac                I2C2_EV_IRQHandler
                0x00000000080025ac                ADC1_2_IRQHandler
                0x00000000080025ac                SPI1_IRQHandler
                0x00000000080025ac                TAMPER_IRQHandler
                0x00000000080025ac                DMA1_Channel4_IRQHandler
                0x00000000080025ac                USART3_IRQHandler
                0x00000000080025ac                RTC_IRQHandler
                0x00000000080025ac                DMA1_Channel7_IRQHandler
                0x00000000080025ac                CAN1_RX1_IRQHandler
                0x00000000080025ac                TIM4_IRQHandler
                0x00000000080025ac                I2C1_EV_IRQHandler
                0x00000000080025ac                DMA1_Channel6_IRQHandler
                0x00000000080025ac                TIM3_IRQHandler
                0x00000000080025ac                RCC_IRQHandler
                0x00000000080025ac                TIM1_TRG_COM_IRQHandler
                0x00000000080025ac                Default_Handler
                0x00000000080025ac                EXTI15_10_IRQHandler
                0x00000000080025ac                EXTI9_5_IRQHandler
                0x00000000080025ac                SPI2_IRQHandler
                0x00000000080025ac                DMA1_Channel5_IRQHandler
                0x00000000080025ac                EXTI4_IRQHandler
                0x00000000080025ac                USB_HP_CAN1_TX_IRQHandler
                0x00000000080025ac                DMA1_Channel3_IRQHandler
                0x00000000080025ac                TIM1_UP_IRQHandler
                0x00000000080025ac                WWDG_IRQHandler
                0x00000000080025ac                TIM2_IRQHandler
                0x00000000080025ac                TIM1_BRK_IRQHandler
                0x00000000080025ac                EXTI1_IRQHandler
                0x00000000080025ac                USART2_IRQHandler
                0x00000000080025ac                I2C2_ER_IRQHandler
                0x00000000080025ac                DMA1_Channel2_IRQHandler
                0x00000000080025ac                CAN1_SCE_IRQHandler
                0x00000000080025ac                FLASH_IRQHandler
                0x00000000080025ac                USART1_IRQHandler
                0x00000000080025ac                I2C1_ER_IRQHandler
                0x00000000080025ac                USBWakeUp_IRQHandler
 *fill*         0x00000000080025ae        0x2 
 .text.HAL_InitTick
                0x00000000080025b0       0x48 ./Drivers/STM32F1xx_HAL_Driver/Src/stm32f1xx_hal.o
                0x00000000080025b0                HAL_InitTick
 .text.HAL_Init
                0x00000000080025f8       0x24 ./Drivers/STM32F1xx_HAL_Driver/Src/stm32f1xx_hal.o
                0x00000000080025f8                HAL_Init
 .text.HAL_IncTick
                0x000000000800261c       0x18 ./Drivers/STM32F1xx_HAL_Driver/Src/stm32f1xx_hal.o
                0x000000000800261c                HAL_IncTick
 .text.HAL_GetTick
                0x0000000008002634        0xc ./Drivers/STM32F1xx_HAL_Driver/Src/stm32f1xx_hal.o
                0x0000000008002634                HAL_GetTick
 .text.HAL_Delay
                0x0000000008002640       0x24 ./Drivers/STM32F1xx_HAL_Driver/Src/stm32f1xx_hal.o
                0x0000000008002640                HAL_Delay
 .text.ADC_DMAConvCplt
                0x0000000008002664       0x4e ./Drivers/STM32F1xx_HAL_Driver/Src/stm32f1xx_hal_adc.o
                0x0000000008002664                ADC_DMAConvCplt
 .text.HAL_ADC_ConvHalfCpltCallback
                0x00000000080026b2        0x2 ./Drivers/STM32F1xx_HAL_Driver/Src/stm32f1xx_hal_adc.o
                0x00000000080026b2                HAL_ADC_ConvHalfCpltCallback
 .text.ADC_DMAHalfConvCplt
                0x00000000080026b4        0xa ./Drivers/STM32F1xx_HAL_Driver/Src/stm32f1xx_hal_adc.o
                0x00000000080026b4                ADC_DMAHalfConvCplt
 .text.HAL_ADC_ErrorCallback
                0x00000000080026be        0x2 ./Drivers/STM32F1xx_HAL_Driver/Src/stm32f1xx_hal_adc.o
                0x00000000080026be                HAL_ADC_ErrorCallback
 .text.ADC_DMAError
                0x00000000080026c0       0x1a ./Drivers/STM32F1xx_HAL_Driver/Src/stm32f1xx_hal_adc.o
                0x00000000080026c0                ADC_DMAError
 *fill*         0x00000000080026da        0x2 
 .text.HAL_ADC_ConfigChannel
                0x00000000080026dc       0xfc ./Drivers/STM32F1xx_HAL_Driver/Src/stm32f1xx_hal_adc.o
                0x00000000080026dc                HAL_ADC_ConfigChannel
 .text.ADC_Enable
                0x00000000080027d8       0x78 ./Drivers/STM32F1xx_HAL_Driver/Src/stm32f1xx_hal_adc.o
                0x00000000080027d8                ADC_Enable
 .text.HAL_ADC_Start_DMA
                0x0000000008002850      0x11c ./Drivers/STM32F1xx_HAL_Driver/Src/stm32f1xx_hal_adc.o
                0x0000000008002850                HAL_ADC_Start_DMA
 .text.ADC_ConversionStop_Disable
                0x000000000800296c       0x4c ./Drivers/STM32F1xx_HAL_Driver/Src/stm32f1xx_hal_adc.o
                0x000000000800296c                ADC_ConversionStop_Disable
 .text.HAL_ADC_Init
                0x00000000080029b8       0xfc ./Drivers/STM32F1xx_HAL_Driver/Src/stm32f1xx_hal_adc.o
                0x00000000080029b8                HAL_ADC_Init
 .text.HAL_ADC_Stop_DMA
                0x0000000008002ab4       0x56 ./Drivers/STM32F1xx_HAL_Driver/Src/stm32f1xx_hal_adc.o
                0x0000000008002ab4                HAL_ADC_Stop_DMA
 *fill*         0x0000000008002b0a        0x2 
 .text.HAL_ADCEx_Calibration_Start
                0x0000000008002b0c       0xe0 ./Drivers/STM32F1xx_HAL_Driver/Src/stm32f1xx_hal_adc_ex.o
                0x0000000008002b0c                HAL_ADCEx_Calibration_Start
 .text.HAL_NVIC_SetPriorityGrouping
                0x0000000008002bec       0x24 ./Drivers/STM32F1xx_HAL_Driver/Src/stm32f1xx_hal_cortex.o
                0x0000000008002bec                HAL_NVIC_SetPriorityGrouping
 .text.HAL_NVIC_SetPriority
                0x0000000008002c10       0x60 ./Drivers/STM32F1xx_HAL_Driver/Src/stm32f1xx_hal_cortex.o
                0x0000000008002c10                HAL_NVIC_SetPriority
 .text.HAL_NVIC_EnableIRQ
                0x0000000008002c70       0x1c ./Drivers/STM32F1xx_HAL_Driver/Src/stm32f1xx_hal_cortex.o
                0x0000000008002c70                HAL_NVIC_EnableIRQ
 .text.HAL_SYSTICK_Config
                0x0000000008002c8c       0x28 ./Drivers/STM32F1xx_HAL_Driver/Src/stm32f1xx_hal_cortex.o
                0x0000000008002c8c                HAL_SYSTICK_Config
 .text.HAL_DMA_Init
                0x0000000008002cb4       0x64 ./Drivers/STM32F1xx_HAL_Driver/Src/stm32f1xx_hal_dma.o
                0x0000000008002cb4                HAL_DMA_Init
 .text.HAL_DMA_Start_IT
                0x0000000008002d18       0x7e ./Drivers/STM32F1xx_HAL_Driver/Src/stm32f1xx_hal_dma.o
                0x0000000008002d18                HAL_DMA_Start_IT
 .text.HAL_DMA_Abort
                0x0000000008002d96       0x3e ./Drivers/STM32F1xx_HAL_Driver/Src/stm32f1xx_hal_dma.o
                0x0000000008002d96                HAL_DMA_Abort
 .text.HAL_DMA_IRQHandler
                0x0000000008002dd4      0x128 ./Drivers/STM32F1xx_HAL_Driver/Src/stm32f1xx_hal_dma.o
                0x0000000008002dd4                HAL_DMA_IRQHandler
 .text.HAL_GPIO_Init
                0x0000000008002efc      0x1b4 ./Drivers/STM32F1xx_HAL_Driver/Src/stm32f1xx_hal_gpio.o
                0x0000000008002efc                HAL_GPIO_Init
 .text.HAL_GPIO_WritePin
                0x00000000080030b0        0xa ./Drivers/STM32F1xx_HAL_Driver/Src/stm32f1xx_hal_gpio.o
                0x00000000080030b0                HAL_GPIO_WritePin
 .text.I2C_IsAcknowledgeFailed
                0x00000000080030ba       0x32 ./Drivers/STM32F1xx_HAL_Driver/Src/stm32f1xx_hal_i2c.o
 .text.I2C_WaitOnFlagUntilTimeout
                0x00000000080030ec       0x80 ./Drivers/STM32F1xx_HAL_Driver/Src/stm32f1xx_hal_i2c.o
 .text.I2C_WaitOnMasterAddressFlagUntilTimeout
                0x000000000800316c       0x84 ./Drivers/STM32F1xx_HAL_Driver/Src/stm32f1xx_hal_i2c.o
 .text.I2C_WaitOnTXEFlagUntilTimeout
                0x00000000080031f0       0x54 ./Drivers/STM32F1xx_HAL_Driver/Src/stm32f1xx_hal_i2c.o
 .text.I2C_WaitOnBTFFlagUntilTimeout
                0x0000000008003244       0x54 ./Drivers/STM32F1xx_HAL_Driver/Src/stm32f1xx_hal_i2c.o
 .text.HAL_I2C_Init
                0x0000000008003298      0x150 ./Drivers/STM32F1xx_HAL_Driver/Src/stm32f1xx_hal_i2c.o
                0x0000000008003298                HAL_I2C_Init
 .text.HAL_I2C_Master_Transmit
                0x00000000080033e8      0x1b0 ./Drivers/STM32F1xx_HAL_Driver/Src/stm32f1xx_hal_i2c.o
                0x00000000080033e8                HAL_I2C_Master_Transmit
 .text.HAL_PCD_Init
                0x0000000008003598       0xf0 ./Drivers/STM32F1xx_HAL_Driver/Src/stm32f1xx_hal_pcd.o
                0x0000000008003598                HAL_PCD_Init
 .text.HAL_PCD_Start
                0x0000000008003688       0x32 ./Drivers/STM32F1xx_HAL_Driver/Src/stm32f1xx_hal_pcd.o
                0x0000000008003688                HAL_PCD_Start
 .text.HAL_PCD_SetAddress
                0x00000000080036ba       0x28 ./Drivers/STM32F1xx_HAL_Driver/Src/stm32f1xx_hal_pcd.o
                0x00000000080036ba                HAL_PCD_SetAddress
 *fill*         0x00000000080036e2        0x2 
 .text.HAL_PCD_IRQHandler
                0x00000000080036e4      0x9b4 ./Drivers/STM32F1xx_HAL_Driver/Src/stm32f1xx_hal_pcd.o
                0x00000000080036e4                HAL_PCD_IRQHandler
 .text.HAL_PCD_EP_Open
                0x0000000008004098       0x60 ./Drivers/STM32F1xx_HAL_Driver/Src/stm32f1xx_hal_pcd.o
                0x0000000008004098                HAL_PCD_EP_Open
 .text.HAL_PCD_EP_Close
                0x00000000080040f8       0x52 ./Drivers/STM32F1xx_HAL_Driver/Src/stm32f1xx_hal_pcd.o
                0x00000000080040f8                HAL_PCD_EP_Close
 .text.HAL_PCD_EP_Receive
                0x000000000800414a       0x2e ./Drivers/STM32F1xx_HAL_Driver/Src/stm32f1xx_hal_pcd.o
                0x000000000800414a                HAL_PCD_EP_Receive
 .text.HAL_PCD_EP_GetRxCount
                0x0000000008004178       0x10 ./Drivers/STM32F1xx_HAL_Driver/Src/stm32f1xx_hal_pcd.o
                0x0000000008004178                HAL_PCD_EP_GetRxCount
 .text.HAL_PCD_EP_Transmit
                0x0000000008004188       0x34 ./Drivers/STM32F1xx_HAL_Driver/Src/stm32f1xx_hal_pcd.o
                0x0000000008004188                HAL_PCD_EP_Transmit
 .text.HAL_PCD_EP_SetStall
                0x00000000080041bc       0x68 ./Drivers/STM32F1xx_HAL_Driver/Src/stm32f1xx_hal_pcd.o
                0x00000000080041bc                HAL_PCD_EP_SetStall
 .text.HAL_PCD_EP_ClrStall
                0x0000000008004224       0x64 ./Drivers/STM32F1xx_HAL_Driver/Src/stm32f1xx_hal_pcd.o
                0x0000000008004224                HAL_PCD_EP_ClrStall
 .text.HAL_PCDEx_PMAConfig
                0x0000000008004288       0x32 ./Drivers/STM32F1xx_HAL_Driver/Src/stm32f1xx_hal_pcd_ex.o
                0x0000000008004288                HAL_PCDEx_PMAConfig
 *fill*         0x00000000080042ba        0x2 
 .text.HAL_RCC_GetPCLK1Freq
                0x00000000080042bc       0x20 ./Drivers/STM32F1xx_HAL_Driver/Src/stm32f1xx_hal_rcc.o
                0x00000000080042bc                HAL_RCC_GetPCLK1Freq
 .text.HAL_RCC_GetPCLK2Freq
                0x00000000080042dc       0x20 ./Drivers/STM32F1xx_HAL_Driver/Src/stm32f1xx_hal_rcc.o
                0x00000000080042dc                HAL_RCC_GetPCLK2Freq
 .text.HAL_RCCEx_GetPeriphCLKFreq
                0x00000000080042fc       0xc0 ./Drivers/STM32F1xx_HAL_Driver/Src/stm32f1xx_hal_rcc_ex.o
                0x00000000080042fc                HAL_RCCEx_GetPeriphCLKFreq
 .text.SPI_WaitFlagStateUntilTimeout.constprop.0
                0x00000000080043bc       0xac ./Drivers/STM32F1xx_HAL_Driver/Src/stm32f1xx_hal_spi.o
 .text.SPI_EndRxTxTransaction
                0x0000000008004468       0x1c ./Drivers/STM32F1xx_HAL_Driver/Src/stm32f1xx_hal_spi.o
 .text.HAL_SPI_Init
                0x0000000008004484       0xb0 ./Drivers/STM32F1xx_HAL_Driver/Src/stm32f1xx_hal_spi.o
                0x0000000008004484                HAL_SPI_Init
 .text.HAL_SPI_Transmit
                0x0000000008004534      0x168 ./Drivers/STM32F1xx_HAL_Driver/Src/stm32f1xx_hal_spi.o
                0x0000000008004534                HAL_SPI_Transmit
 .text.HAL_SPI_TransmitReceive
                0x000000000800469c      0x1ea ./Drivers/STM32F1xx_HAL_Driver/Src/stm32f1xx_hal_spi.o
                0x000000000800469c                HAL_SPI_TransmitReceive
 .text.LL_GPIO_Init
                0x0000000008004886      0x10c ./Drivers/STM32F1xx_HAL_Driver/Src/stm32f1xx_ll_gpio.o
                0x0000000008004886                LL_GPIO_Init
 .text.USB_CoreInit
                0x0000000008004992        0xe ./Drivers/STM32F1xx_HAL_Driver/Src/stm32f1xx_ll_usb.o
                0x0000000008004992                USB_CoreInit
 .text.USB_EnableGlobalInt
                0x00000000080049a0       0x12 ./Drivers/STM32F1xx_HAL_Driver/Src/stm32f1xx_ll_usb.o
                0x00000000080049a0                USB_EnableGlobalInt
 .text.USB_DisableGlobalInt
                0x00000000080049b2       0x14 ./Drivers/STM32F1xx_HAL_Driver/Src/stm32f1xx_ll_usb.o
                0x00000000080049b2                USB_DisableGlobalInt
 .text.USB_SetCurrentMode
                0x00000000080049c6        0x4 ./Drivers/STM32F1xx_HAL_Driver/Src/stm32f1xx_ll_usb.o
                0x00000000080049c6                USB_SetCurrentMode
 .text.USB_DevInit
                0x00000000080049ca       0x28 ./Drivers/STM32F1xx_HAL_Driver/Src/stm32f1xx_ll_usb.o
                0x00000000080049ca                USB_DevInit
 *fill*         0x00000000080049f2        0x2 
 .text.USB_ActivateEndpoint
                0x00000000080049f4      0x2c0 ./Drivers/STM32F1xx_HAL_Driver/Src/stm32f1xx_ll_usb.o
                0x00000000080049f4                USB_ActivateEndpoint
 .text.USB_DeactivateEndpoint
                0x0000000008004cb4      0x1a6 ./Drivers/STM32F1xx_HAL_Driver/Src/stm32f1xx_ll_usb.o
                0x0000000008004cb4                USB_DeactivateEndpoint
 .text.USB_EPSetStall
                0x0000000008004e5a       0x40 ./Drivers/STM32F1xx_HAL_Driver/Src/stm32f1xx_ll_usb.o
                0x0000000008004e5a                USB_EPSetStall
 .text.USB_EPClearStall
                0x0000000008004e9a       0x92 ./Drivers/STM32F1xx_HAL_Driver/Src/stm32f1xx_ll_usb.o
                0x0000000008004e9a                USB_EPClearStall
 .text.USB_SetDevAddress
                0x0000000008004f2c        0xc ./Drivers/STM32F1xx_HAL_Driver/Src/stm32f1xx_ll_usb.o
                0x0000000008004f2c                USB_SetDevAddress
 .text.USB_DevConnect
                0x0000000008004f38        0x4 ./Drivers/STM32F1xx_HAL_Driver/Src/stm32f1xx_ll_usb.o
                0x0000000008004f38                USB_DevConnect
 .text.USB_DevDisconnect
                0x0000000008004f3c        0x4 ./Drivers/STM32F1xx_HAL_Driver/Src/stm32f1xx_ll_usb.o
                0x0000000008004f3c                USB_DevDisconnect
 .text.USB_ReadInterrupts
                0x0000000008004f40        0x8 ./Drivers/STM32F1xx_HAL_Driver/Src/stm32f1xx_ll_usb.o
                0x0000000008004f40                USB_ReadInterrupts
 .text.USB_EP0_OutStart
                0x0000000008004f48        0x4 ./Drivers/STM32F1xx_HAL_Driver/Src/stm32f1xx_ll_usb.o
                0x0000000008004f48                USB_EP0_OutStart
 .text.USB_WritePMA
                0x0000000008004f4c       0x20 ./Drivers/STM32F1xx_HAL_Driver/Src/stm32f1xx_ll_usb.o
                0x0000000008004f4c                USB_WritePMA
 .text.USB_EPStartXfer
                0x0000000008004f6c      0x430 ./Drivers/STM32F1xx_HAL_Driver/Src/stm32f1xx_ll_usb.o
                0x0000000008004f6c                USB_EPStartXfer
 .text.USB_ReadPMA
                0x000000000800539c       0x38 ./Drivers/STM32F1xx_HAL_Driver/Src/stm32f1xx_ll_usb.o
                0x000000000800539c                USB_ReadPMA
 .text.LL_SetSystemCoreClock
                0x00000000080053d4        0xc ./Drivers/STM32F1xx_HAL_Driver/Src/stm32f1xx_ll_utils.o
                0x00000000080053d4                LL_SetSystemCoreClock
 .text.MX_FATFS_Init
                0x00000000080053e0       0x1c ./FATFS/App/fatfs.o
                0x00000000080053e0                MX_FATFS_Init
 .text.USER_initialize
                0x00000000080053fc        0x4 ./FATFS/Target/user_diskio.o
                0x00000000080053fc                USER_initialize
 .text.USER_status
                0x0000000008005400        0x4 ./FATFS/Target/user_diskio.o
                0x0000000008005400                USER_status
 .text.USER_read
                0x0000000008005404        0x4 ./FATFS/Target/user_diskio.o
                0x0000000008005404                USER_read
 .text.USER_write
                0x0000000008005408        0x4 ./FATFS/Target/user_diskio.o
                0x0000000008005408                USER_write
 .text.USER_ioctl
                0x000000000800540c        0x4 ./FATFS/Target/user_diskio.o
                0x000000000800540c                USER_ioctl
 .text.USBD_CDC_EP0_RxReady
                0x0000000008005410       0x28 ./Middlewares/ST/STM32_USB_Device_Library/Class/CDC/Src/usbd_cdc.o
 .text.USBD_CDC_GetFSCfgDesc
                0x0000000008005438        0xc ./Middlewares/ST/STM32_USB_Device_Library/Class/CDC/Src/usbd_cdc.o
 .text.USBD_CDC_GetHSCfgDesc
                0x0000000008005444        0xc ./Middlewares/ST/STM32_USB_Device_Library/Class/CDC/Src/usbd_cdc.o
 .text.USBD_CDC_GetOtherSpeedCfgDesc
                0x0000000008005450        0xc ./Middlewares/ST/STM32_USB_Device_Library/Class/CDC/Src/usbd_cdc.o
 .text.USBD_CDC_GetDeviceQualifierDescriptor
                0x000000000800545c        0xc ./Middlewares/ST/STM32_USB_Device_Library/Class/CDC/Src/usbd_cdc.o
                0x000000000800545c                USBD_CDC_GetDeviceQualifierDescriptor
 .text.USBD_CDC_DataOut
                0x0000000008005468       0x2e ./Middlewares/ST/STM32_USB_Device_Library/Class/CDC/Src/usbd_cdc.o
 .text.USBD_CDC_DataIn
                0x0000000008005496       0x42 ./Middlewares/ST/STM32_USB_Device_Library/Class/CDC/Src/usbd_cdc.o
 .text.USBD_CDC_Setup
                0x00000000080054d8       0xb6 ./Middlewares/ST/STM32_USB_Device_Library/Class/CDC/Src/usbd_cdc.o
 .text.USBD_CDC_DeInit
                0x000000000800558e       0x42 ./Middlewares/ST/STM32_USB_Device_Library/Class/CDC/Src/usbd_cdc.o
 .text.USBD_CDC_Init
                0x00000000080055d0       0xa0 ./Middlewares/ST/STM32_USB_Device_Library/Class/CDC/Src/usbd_cdc.o
 .text.USBD_CDC_RegisterInterface
                0x0000000008005670        0xe ./Middlewares/ST/STM32_USB_Device_Library/Class/CDC/Src/usbd_cdc.o
                0x0000000008005670                USBD_CDC_RegisterInterface
 .text.USBD_CDC_SetTxBuffer
                0x000000000800567e       0x10 ./Middlewares/ST/STM32_USB_Device_Library/Class/CDC/Src/usbd_cdc.o
                0x000000000800567e                USBD_CDC_SetTxBuffer
 .text.USBD_CDC_SetRxBuffer
                0x000000000800568e        0xc ./Middlewares/ST/STM32_USB_Device_Library/Class/CDC/Src/usbd_cdc.o
                0x000000000800568e                USBD_CDC_SetRxBuffer
 .text.USBD_CDC_TransmitPacket
                0x000000000800569a       0x32 ./Middlewares/ST/STM32_USB_Device_Library/Class/CDC/Src/usbd_cdc.o
                0x000000000800569a                USBD_CDC_TransmitPacket
 .text.USBD_CDC_ReceivePacket
                0x00000000080056cc       0x2e ./Middlewares/ST/STM32_USB_Device_Library/Class/CDC/Src/usbd_cdc.o
                0x00000000080056cc                USBD_CDC_ReceivePacket
 .text.USBD_Init
                0x00000000080056fa       0x2a ./Middlewares/ST/STM32_USB_Device_Library/Core/Src/usbd_core.o
                0x00000000080056fa                USBD_Init
 .text.USBD_RegisterClass
                0x0000000008005724        0xe ./Middlewares/ST/STM32_USB_Device_Library/Core/Src/usbd_core.o
                0x0000000008005724                USBD_RegisterClass
 .text.USBD_Start
                0x0000000008005732        0xa ./Middlewares/ST/STM32_USB_Device_Library/Core/Src/usbd_core.o
                0x0000000008005732                USBD_Start
 .text.USBD_SetClassConfig
                0x000000000800573c       0x1a ./Middlewares/ST/STM32_USB_Device_Library/Core/Src/usbd_core.o
                0x000000000800573c                USBD_SetClassConfig
 .text.USBD_ClrClassConfig
                0x0000000008005756        0xe ./Middlewares/ST/STM32_USB_Device_Library/Core/Src/usbd_core.o
                0x0000000008005756                USBD_ClrClassConfig
 .text.USBD_LL_SetupStage
                0x0000000008005764       0x5a ./Middlewares/ST/STM32_USB_Device_Library/Core/Src/usbd_core.o
                0x0000000008005764                USBD_LL_SetupStage
 .text.USBD_LL_DataOutStage
                0x00000000080057be       0x74 ./Middlewares/ST/STM32_USB_Device_Library/Core/Src/usbd_core.o
                0x00000000080057be                USBD_LL_DataOutStage
 .text.USBD_LL_DataInStage
                0x0000000008005832       0xb6 ./Middlewares/ST/STM32_USB_Device_Library/Core/Src/usbd_core.o
                0x0000000008005832                USBD_LL_DataInStage
 .text.USBD_LL_Reset
                0x00000000080058e8       0x4e ./Middlewares/ST/STM32_USB_Device_Library/Core/Src/usbd_core.o
                0x00000000080058e8                USBD_LL_Reset
 .text.USBD_LL_SetSpeed
                0x0000000008005936        0x6 ./Middlewares/ST/STM32_USB_Device_Library/Core/Src/usbd_core.o
                0x0000000008005936                USBD_LL_SetSpeed
 .text.USBD_LL_Suspend
                0x000000000800593c       0x12 ./Middlewares/ST/STM32_USB_Device_Library/Core/Src/usbd_core.o
                0x000000000800593c                USBD_LL_Suspend
 .text.USBD_LL_Resume
                0x000000000800594e       0x14 ./Middlewares/ST/STM32_USB_Device_Library/Core/Src/usbd_core.o
                0x000000000800594e                USBD_LL_Resume
 .text.USBD_LL_SOF
                0x0000000008005962       0x18 ./Middlewares/ST/STM32_USB_Device_Library/Core/Src/usbd_core.o
                0x0000000008005962                USBD_LL_SOF
 .text.USBD_CtlError.constprop.0
                0x000000000800597a       0x16 ./Middlewares/ST/STM32_USB_Device_Library/Core/Src/usbd_ctlreq.o
 .text.USBD_StdDevReq
                0x0000000008005990      0x250 ./Middlewares/ST/STM32_USB_Device_Library/Core/Src/usbd_ctlreq.o
                0x0000000008005990                USBD_StdDevReq
 .text.USBD_StdItfReq
                0x0000000008005be0       0x48 ./Middlewares/ST/STM32_USB_Device_Library/Core/Src/usbd_ctlreq.o
                0x0000000008005be0                USBD_StdItfReq
 .text.USBD_StdEPReq
                0x0000000008005c28      0x110 ./Middlewares/ST/STM32_USB_Device_Library/Core/Src/usbd_ctlreq.o
                0x0000000008005c28                USBD_StdEPReq
 .text.USBD_ParseSetupRequest
                0x0000000008005d38       0x28 ./Middlewares/ST/STM32_USB_Device_Library/Core/Src/usbd_ctlreq.o
                0x0000000008005d38                USBD_ParseSetupRequest
 .text.USBD_CtlError
                0x0000000008005d60       0x16 ./Middlewares/ST/STM32_USB_Device_Library/Core/Src/usbd_ctlreq.o
                0x0000000008005d60                USBD_CtlError
 .text.USBD_GetString
                0x0000000008005d76       0x38 ./Middlewares/ST/STM32_USB_Device_Library/Core/Src/usbd_ctlreq.o
                0x0000000008005d76                USBD_GetString
 .text.USBD_CtlSendData
                0x0000000008005dae       0x1a ./Middlewares/ST/STM32_USB_Device_Library/Core/Src/usbd_ioreq.o
                0x0000000008005dae                USBD_CtlSendData
 .text.USBD_CtlContinueSendData
                0x0000000008005dc8       0x10 ./Middlewares/ST/STM32_USB_Device_Library/Core/Src/usbd_ioreq.o
                0x0000000008005dc8                USBD_CtlContinueSendData
 .text.USBD_CtlPrepareRx
                0x0000000008005dd8       0x1a ./Middlewares/ST/STM32_USB_Device_Library/Core/Src/usbd_ioreq.o
                0x0000000008005dd8                USBD_CtlPrepareRx
 .text.USBD_CtlContinueRx
                0x0000000008005df2       0x10 ./Middlewares/ST/STM32_USB_Device_Library/Core/Src/usbd_ioreq.o
                0x0000000008005df2                USBD_CtlContinueRx
 .text.USBD_CtlSendStatus
                0x0000000008005e02       0x16 ./Middlewares/ST/STM32_USB_Device_Library/Core/Src/usbd_ioreq.o
                0x0000000008005e02                USBD_CtlSendStatus
 .text.USBD_CtlReceiveStatus
                0x0000000008005e18       0x16 ./Middlewares/ST/STM32_USB_Device_Library/Core/Src/usbd_ioreq.o
                0x0000000008005e18                USBD_CtlReceiveStatus
 *fill*         0x0000000008005e2e        0x2 
 .text.FATFS_LinkDriverEx
                0x0000000008005e30       0x44 ./Middlewares/Third_Party/FatFs/src/ff_gen_drv.o
                0x0000000008005e30                FATFS_LinkDriverEx
 .text.FATFS_LinkDriver
                0x0000000008005e74        0x6 ./Middlewares/Third_Party/FatFs/src/ff_gen_drv.o
                0x0000000008005e74                FATFS_LinkDriver
 *fill*         0x0000000008005e7a        0x2 
 .text.MX_USB_DEVICE_Init
                0x0000000008005e7c       0x50 ./USB_DEVICE/App/usb_device.o
                0x0000000008005e7c                MX_USB_DEVICE_Init
 .text.CDC_DeInit_FS
                0x0000000008005ecc        0x4 ./USB_DEVICE/App/usbd_cdc_if.o
 .text.CDC_Control_FS
                0x0000000008005ed0        0x4 ./USB_DEVICE/App/usbd_cdc_if.o
 .text.CDC_Receive_FS
                0x0000000008005ed4       0x34 ./USB_DEVICE/App/usbd_cdc_if.o
 .text.CDC_Init_FS
                0x0000000008005f08       0x28 ./USB_DEVICE/App/usbd_cdc_if.o
 .text.CDC_Transmit_FS
                0x0000000008005f30       0x2c ./USB_DEVICE/App/usbd_cdc_if.o
                0x0000000008005f30                CDC_Transmit_FS
 .text.USBD_FS_DeviceDescriptor
                0x0000000008005f5c        0xc ./USB_DEVICE/App/usbd_desc.o
                0x0000000008005f5c                USBD_FS_DeviceDescriptor
 .text.USBD_FS_LangIDStrDescriptor
                0x0000000008005f68        0xc ./USB_DEVICE/App/usbd_desc.o
                0x0000000008005f68                USBD_FS_LangIDStrDescriptor
 .text.IntToUnicode
                0x0000000008005f74       0x2a ./USB_DEVICE/App/usbd_desc.o
 *fill*         0x0000000008005f9e        0x2 
 .text.USBD_FS_SerialStrDescriptor
                0x0000000008005fa0       0x3c ./USB_DEVICE/App/usbd_desc.o
                0x0000000008005fa0                USBD_FS_SerialStrDescriptor
 .text.USBD_FS_ManufacturerStrDescriptor
                0x0000000008005fdc       0x1c ./USB_DEVICE/App/usbd_desc.o
                0x0000000008005fdc                USBD_FS_ManufacturerStrDescriptor
 .text.USBD_FS_ProductStrDescriptor
                0x0000000008005ff8       0x1c ./USB_DEVICE/App/usbd_desc.o
                0x0000000008005ff8                USBD_FS_ProductStrDescriptor
 .text.USBD_FS_ConfigStrDescriptor
                0x0000000008006014       0x1c ./USB_DEVICE/App/usbd_desc.o
                0x0000000008006014                USBD_FS_ConfigStrDescriptor
 .text.USBD_FS_InterfaceStrDescriptor
                0x0000000008006030       0x1c ./USB_DEVICE/App/usbd_desc.o
                0x0000000008006030                USBD_FS_InterfaceStrDescriptor
 .text.USBD_Get_USB_Status
                0x000000000800604c       0x10 ./USB_DEVICE/Target/usbd_conf.o
 .text.HAL_PCD_MspInit
                0x000000000800605c       0x40 ./USB_DEVICE/Target/usbd_conf.o
                0x000000000800605c                HAL_PCD_MspInit
 .text.HAL_PCD_SetupStageCallback
                0x000000000800609c        0xc ./USB_DEVICE/Target/usbd_conf.o
                0x000000000800609c                HAL_PCD_SetupStageCallback
 .text.HAL_PCD_DataOutStageCallback
                0x00000000080060a8       0x12 ./USB_DEVICE/Target/usbd_conf.o
                0x00000000080060a8                HAL_PCD_DataOutStageCallback
 .text.HAL_PCD_DataInStageCallback
                0x00000000080060ba       0x10 ./USB_DEVICE/Target/usbd_conf.o
                0x00000000080060ba                HAL_PCD_DataInStageCallback
 .text.HAL_PCD_SOFCallback
                0x00000000080060ca        0x8 ./USB_DEVICE/Target/usbd_conf.o
                0x00000000080060ca                HAL_PCD_SOFCallback
 .text.HAL_PCD_ResetCallback
                0x00000000080060d2       0x24 ./USB_DEVICE/Target/usbd_conf.o
                0x00000000080060d2                HAL_PCD_ResetCallback
 *fill*         0x00000000080060f6        0x2 
 .text.HAL_PCD_SuspendCallback
                0x00000000080060f8       0x20 ./USB_DEVICE/Target/usbd_conf.o
                0x00000000080060f8                HAL_PCD_SuspendCallback
 .text.HAL_PCD_ResumeCallback
                0x0000000008006118        0x8 ./USB_DEVICE/Target/usbd_conf.o
                0x0000000008006118                HAL_PCD_ResumeCallback
 .text.USBD_LL_Init
                0x0000000008006120       0x84 ./USB_DEVICE/Target/usbd_conf.o
                0x0000000008006120                USBD_LL_Init
 .text.USBD_LL_Start
                0x00000000080061a4       0x12 ./USB_DEVICE/Target/usbd_conf.o
                0x00000000080061a4                USBD_LL_Start
 .text.USBD_LL_OpenEP
                0x00000000080061b6       0x18 ./USB_DEVICE/Target/usbd_conf.o
                0x00000000080061b6                USBD_LL_OpenEP
 .text.USBD_LL_CloseEP
                0x00000000080061ce       0x12 ./USB_DEVICE/Target/usbd_conf.o
                0x00000000080061ce                USBD_LL_CloseEP
 .text.USBD_LL_StallEP
                0x00000000080061e0       0x12 ./USB_DEVICE/Target/usbd_conf.o
                0x00000000080061e0                USBD_LL_StallEP
 .text.USBD_LL_ClearStallEP
                0x00000000080061f2       0x12 ./USB_DEVICE/Target/usbd_conf.o
                0x00000000080061f2                USBD_LL_ClearStallEP
 .text.USBD_LL_IsStallEP
                0x0000000008006204       0x24 ./USB_DEVICE/Target/usbd_conf.o
                0x0000000008006204                USBD_LL_IsStallEP
 .text.USBD_LL_SetUSBAddress
                0x0000000008006228       0x12 ./USB_DEVICE/Target/usbd_conf.o
                0x0000000008006228                USBD_LL_SetUSBAddress
 .text.USBD_LL_Transmit
                0x000000000800623a       0x12 ./USB_DEVICE/Target/usbd_conf.o
                0x000000000800623a                USBD_LL_Transmit
 .text.USBD_LL_PrepareReceive
                0x000000000800624c       0x12 ./USB_DEVICE/Target/usbd_conf.o
                0x000000000800624c                USBD_LL_PrepareReceive
 .text.USBD_LL_GetRxDataSize
                0x000000000800625e        0x8 ./USB_DEVICE/Target/usbd_conf.o
                0x000000000800625e                USBD_LL_GetRxDataSize
 *fill*         0x0000000008006266        0x2 
 .text.USBD_static_malloc
                0x0000000008006268        0x8 ./USB_DEVICE/Target/usbd_conf.o
                0x0000000008006268                USBD_static_malloc
 .text.USBD_static_free
                0x0000000008006270        0x2 ./USB_DEVICE/Target/usbd_conf.o
                0x0000000008006270                USBD_static_free
 .text.HAL_PCDEx_SetConnectionState
                0x0000000008006272        0x2 ./USB_DEVICE/Target/usbd_conf.o
                0x0000000008006272                HAL_PCDEx_SetConnectionState
 .text.memset   0x0000000008006274       0x10 C:/ST/STM32CubeIDE_1.13.2/STM32CubeIDE/plugins/com.st.stm32cube.ide.mcu.externaltools.gnu-tools-for-stm32.11.3.rel1.win32_1.1.1.202309131626/tools/bin/../lib/gcc/arm-none-eabi/11.3.1/../../../../arm-none-eabi/lib/thumb/v7-m/nofp\libc_nano.a(libc_a-memset.o)
                0x0000000008006274                memset
 .text.__errno  0x0000000008006284        0xc C:/ST/STM32CubeIDE_1.13.2/STM32CubeIDE/plugins/com.st.stm32cube.ide.mcu.externaltools.gnu-tools-for-stm32.11.3.rel1.win32_1.1.1.202309131626/tools/bin/../lib/gcc/arm-none-eabi/11.3.1/../../../../arm-none-eabi/lib/thumb/v7-m/nofp\libc_nano.a(libc_a-errno.o)
                0x0000000008006284                __errno
 .text.__libc_init_array
                0x0000000008006290       0x48 C:/ST/STM32CubeIDE_1.13.2/STM32CubeIDE/plugins/com.st.stm32cube.ide.mcu.externaltools.gnu-tools-for-stm32.11.3.rel1.win32_1.1.1.202309131626/tools/bin/../lib/gcc/arm-none-eabi/11.3.1/../../../../arm-none-eabi/lib/thumb/v7-m/nofp\libc_nano.a(libc_a-init.o)
                0x0000000008006290                __libc_init_array
 .text.memcpy   0x00000000080062d8       0x1c C:/ST/STM32CubeIDE_1.13.2/STM32CubeIDE/plugins/com.st.stm32cube.ide.mcu.externaltools.gnu-tools-for-stm32.11.3.rel1.win32_1.1.1.202309131626/tools/bin/../lib/gcc/arm-none-eabi/11.3.1/../../../../arm-none-eabi/lib/thumb/v7-m/nofp\libc_nano.a(libc_a-memcpy-stub.o)
                0x00000000080062d8                memcpy
 .text.log10    0x00000000080062f4       0x64 C:/ST/STM32CubeIDE_1.13.2/STM32CubeIDE/plugins/com.st.stm32cube.ide.mcu.externaltools.gnu-tools-for-stm32.11.3.rel1.win32_1.1.1.202309131626/tools/bin/../lib/gcc/arm-none-eabi/11.3.1/../../../../arm-none-eabi/lib/thumb/v7-m/nofp\libm.a(libm_a-w_log10.o)
                0x00000000080062f4                log10
 .text.nan      0x0000000008006358        0xc C:/ST/STM32CubeIDE_1.13.2/STM32CubeIDE/plugins/com.st.stm32cube.ide.mcu.externaltools.gnu-tools-for-stm32.11.3.rel1.win32_1.1.1.202309131626/tools/bin/../lib/gcc/arm-none-eabi/11.3.1/../../../../arm-none-eabi/lib/thumb/v7-m/nofp\libm.a(libm_a-s_nan.o)
                0x0000000008006358                nan
 *fill*         0x0000000008006364        0x4 
 .text.__ieee754_log10
                0x0000000008006368      0x104 C:/ST/STM32CubeIDE_1.13.2/STM32CubeIDE/plugins/com.st.stm32cube.ide.mcu.externaltools.gnu-tools-for-stm32.11.3.rel1.win32_1.1.1.202309131626/tools/bin/../lib/gcc/arm-none-eabi/11.3.1/../../../../arm-none-eabi/lib/thumb/v7-m/nofp\libm.a(libm_a-e_log10.o)
                0x0000000008006368                __ieee754_log10
 *fill*         0x000000000800646c        0x4 
 .text.__ieee754_log
                0x0000000008006470      0x364 C:/ST/STM32CubeIDE_1.13.2/STM32CubeIDE/plugins/com.st.stm32cube.ide.mcu.externaltools.gnu-tools-for-stm32.11.3.rel1.win32_1.1.1.202309131626/tools/bin/../lib/gcc/arm-none-eabi/11.3.1/../../../../arm-none-eabi/lib/thumb/v7-m/nofp\libm.a(libm_a-e_log.o)
                0x0000000008006470                __ieee754_log
 *(.glue_7)
 .glue_7        0x00000000080067d4        0x0 linker stubs
 *(.glue_7t)
 .glue_7t       0x00000000080067d4        0x0 linker stubs
 *(.eh_frame)
 .eh_frame      0x00000000080067d4        0x0 C:/ST/STM32CubeIDE_1.13.2/STM32CubeIDE/plugins/com.st.stm32cube.ide.mcu.externaltools.gnu-tools-for-stm32.11.3.rel1.win32_1.1.1.202309131626/tools/bin/../lib/gcc/arm-none-eabi/11.3.1/thumb/v7-m/nofp/crtbegin.o
 *(.init)
 .init          0x00000000080067d4        0x4 C:/ST/STM32CubeIDE_1.13.2/STM32CubeIDE/plugins/com.st.stm32cube.ide.mcu.externaltools.gnu-tools-for-stm32.11.3.rel1.win32_1.1.1.202309131626/tools/bin/../lib/gcc/arm-none-eabi/11.3.1/thumb/v7-m/nofp/crti.o
                0x00000000080067d4                _init
 .init          0x00000000080067d8        0x8 C:/ST/STM32CubeIDE_1.13.2/STM32CubeIDE/plugins/com.st.stm32cube.ide.mcu.externaltools.gnu-tools-for-stm32.11.3.rel1.win32_1.1.1.202309131626/tools/bin/../lib/gcc/arm-none-eabi/11.3.1/thumb/v7-m/nofp/crtn.o
 *(.fini)
 .fini          0x00000000080067e0        0x4 C:/ST/STM32CubeIDE_1.13.2/STM32CubeIDE/plugins/com.st.stm32cube.ide.mcu.externaltools.gnu-tools-for-stm32.11.3.rel1.win32_1.1.1.202309131626/tools/bin/../lib/gcc/arm-none-eabi/11.3.1/thumb/v7-m/nofp/crti.o
                0x00000000080067e0                _fini
 .fini          0x00000000080067e4        0x8 C:/ST/STM32CubeIDE_1.13.2/STM32CubeIDE/plugins/com.st.stm32cube.ide.mcu.externaltools.gnu-tools-for-stm32.11.3.rel1.win32_1.1.1.202309131626/tools/bin/../lib/gcc/arm-none-eabi/11.3.1/thumb/v7-m/nofp/crtn.o
                0x00000000080067ec                . = ALIGN (0x4)
                0x00000000080067ec                _etext = .

.vfp11_veneer   0x00000000080067ec        0x0
 .vfp11_veneer  0x00000000080067ec        0x0 linker stubs

.v4_bx          0x00000000080067ec        0x0
 .v4_bx         0x00000000080067ec        0x0 linker stubs

.iplt           0x00000000080067ec        0x0
 .iplt          0x00000000080067ec        0x0 C:/ST/STM32CubeIDE_1.13.2/STM32CubeIDE/plugins/com.st.stm32cube.ide.mcu.externaltools.gnu-tools-for-stm32.11.3.rel1.win32_1.1.1.202309131626/tools/bin/../lib/gcc/arm-none-eabi/11.3.1/thumb/v7-m/nofp/crtbegin.o

.rodata         0x00000000080067ec      0x128
                0x00000000080067ec                . = ALIGN (0x4)
 *(.rodata)
 *(.rodata*)
 .rodata.ADC_PARAM
                0x00000000080067ec       0x48 ./Core/Src/analog.o
                0x00000000080067ec                ADC_PARAM
 .rodata.initComm.str1.1
                0x0000000008006834       0x48 ./Core/Src/comm.o
 .rodata.USB_CDC_RxHandler.str1.1
                0x000000000800687c       0x29 ./Core/Src/comm.o
 .rodata.disable_msg
                0x00000000080068a5        0x7 ./Core/Src/comm.o
                0x00000000080068a5                disable_msg
 .rodata.enable_msg
                0x00000000080068ac        0x6 ./Core/Src/comm.o
                0x00000000080068ac                enable_msg
 .rodata.APBPrescTable
                0x00000000080068b2        0x8 ./Core/Src/system_stm32f1xx.o
                0x00000000080068b2                APBPrescTable
 .rodata.aPLLMULFactorTable.1
                0x00000000080068ba       0x10 ./Drivers/STM32F1xx_HAL_Driver/Src/stm32f1xx_hal_rcc_ex.o
 .rodata.aPredivFactorTable.0
                0x00000000080068ca        0x2 ./Drivers/STM32F1xx_HAL_Driver/Src/stm32f1xx_hal_rcc_ex.o
 .rodata.USBD_FS_ManufacturerStrDescriptor.str1.1
                0x00000000080068cc       0x13 ./USB_DEVICE/App/usbd_desc.o
 .rodata.USBD_FS_ProductStrDescriptor.str1.1
                0x00000000080068df       0x16 ./USB_DEVICE/App/usbd_desc.o
 .rodata.USBD_FS_ConfigStrDescriptor.str1.1
                0x00000000080068f5        0xb ./USB_DEVICE/App/usbd_desc.o
 .rodata.USBD_FS_InterfaceStrDescriptor.str1.1
                0x0000000008006900        0xe ./USB_DEVICE/App/usbd_desc.o
 .rodata.CSWTCH.3
                0x000000000800690e        0x4 ./USB_DEVICE/Target/usbd_conf.o
 .rodata.log10.str1.1
                0x0000000008006912        0xe C:/ST/STM32CubeIDE_1.13.2/STM32CubeIDE/plugins/com.st.stm32cube.ide.mcu.externaltools.gnu-tools-for-stm32.11.3.rel1.win32_1.1.1.202309131626/tools/bin/../lib/gcc/arm-none-eabi/11.3.1/../../../../arm-none-eabi/lib/thumb/v7-m/nofp\libm.a(libm_a-w_log10.o)
                                          0x1 (size before relaxing)
                0x0000000008006920                . = ALIGN (0x4)
 *fill*         0x0000000008006912        0x2 

.ARM.extab      0x0000000008006914        0x0
                0x0000000008006914                . = ALIGN (0x4)
 *(.ARM.extab* .gnu.linkonce.armextab.*)
                0x0000000008006914                . = ALIGN (0x4)

.ARM            0x0000000008006914        0x8
                0x0000000008006914                . = ALIGN (0x4)
                0x0000000008006914                __exidx_start = .
 *(.ARM.exidx*)
 .ARM.exidx     0x0000000008006914        0x8 C:/ST/STM32CubeIDE_1.13.2/STM32CubeIDE/plugins/com.st.stm32cube.ide.mcu.externaltools.gnu-tools-for-stm32.11.3.rel1.win32_1.1.1.202309131626/tools/bin/../lib/gcc/arm-none-eabi/11.3.1/thumb/v7-m/nofp\libgcc.a(_udivmoddi4.o)
                0x000000000800691c                __exidx_end = .
                0x000000000800691c                . = ALIGN (0x4)

.rel.dyn        0x000000000800691c        0x0
 .rel.iplt      0x000000000800691c        0x0 C:/ST/STM32CubeIDE_1.13.2/STM32CubeIDE/plugins/com.st.stm32cube.ide.mcu.externaltools.gnu-tools-for-stm32.11.3.rel1.win32_1.1.1.202309131626/tools/bin/../lib/gcc/arm-none-eabi/11.3.1/thumb/v7-m/nofp/crtbegin.o

.preinit_array  0x000000000800691c        0x0
                0x000000000800691c                . = ALIGN (0x4)
                0x000000000800691c                PROVIDE (__preinit_array_start = .)
 *(.preinit_array*)
                0x000000000800691c                PROVIDE (__preinit_array_end = .)
                0x000000000800691c                . = ALIGN (0x4)

.init_array     0x000000000800691c        0x4
                0x000000000800691c                . = ALIGN (0x4)
                0x000000000800691c                PROVIDE (__init_array_start = .)
 *(SORT_BY_NAME(.init_array.*))
 *(.init_array*)
 .init_array    0x000000000800691c        0x4 C:/ST/STM32CubeIDE_1.13.2/STM32CubeIDE/plugins/com.st.stm32cube.ide.mcu.externaltools.gnu-tools-for-stm32.11.3.rel1.win32_1.1.1.202309131626/tools/bin/../lib/gcc/arm-none-eabi/11.3.1/thumb/v7-m/nofp/crtbegin.o
                0x0000000008006920                PROVIDE (__init_array_end = .)
                0x0000000008006920                . = ALIGN (0x4)

.fini_array     0x0000000008006920        0x4
                0x0000000008006920                . = ALIGN (0x4)
                [!provide]                        PROVIDE (__fini_array_start = .)
 *(SORT_BY_NAME(.fini_array.*))
 *(.fini_array*)
 .fini_array    0x0000000008006920        0x4 C:/ST/STM32CubeIDE_1.13.2/STM32CubeIDE/plugins/com.st.stm32cube.ide.mcu.externaltools.gnu-tools-for-stm32.11.3.rel1.win32_1.1.1.202309131626/tools/bin/../lib/gcc/arm-none-eabi/11.3.1/thumb/v7-m/nofp/crtbegin.o
                [!provide]                        PROVIDE (__fini_array_end = .)
                0x0000000008006924                . = ALIGN (0x4)
                0x0000000008006924                _sidata = LOADADDR (.data)

.data           0x0000000020000000      0x1f0 load address 0x0000000008006924
                0x0000000020000000                . = ALIGN (0x4)
                0x0000000020000000                _sdata = .
 *(.data)
 *(.data*)
 .data.cntADC   0x0000000020000000        0x8 ./Core/Src/analog.o
                0x0000000020000000                cntADC
 .data.status_COMM
                0x0000000020000008        0x1 ./Core/Src/comm.o
                0x0000000020000008                status_COMM
 *fill*         0x0000000020000009        0x1 
 .data.txDelay  0x000000002000000a        0x2 ./Core/Src/comm.o
                0x000000002000000a                txDelay
 .data.Stat     0x000000002000000c        0x1 ./Core/Src/fatfs_sd.o
 *fill*         0x000000002000000d        0x3 
 .data.SystemCoreClock
                0x0000000020000010        0x4 ./Core/Src/system_stm32f1xx.o
                0x0000000020000010                SystemCoreClock
 .data.uwTickFreq
                0x0000000020000014        0x1 ./Drivers/STM32F1xx_HAL_Driver/Src/stm32f1xx_hal.o
                0x0000000020000014                uwTickFreq
 *fill*         0x0000000020000015        0x3 
 .data.uwTickPrio
                0x0000000020000018        0x4 ./Drivers/STM32F1xx_HAL_Driver/Src/stm32f1xx_hal.o
                0x0000000020000018                uwTickPrio
 .data.USER_Driver
                0x000000002000001c       0x14 ./FATFS/Target/user_diskio.o
                0x000000002000001c                USER_Driver
 .data.USBD_CDC
                0x0000000020000030       0x38 ./Middlewares/ST/STM32_USB_Device_Library/Class/CDC/Src/usbd_cdc.o
                0x0000000020000030                USBD_CDC
 .data.USBD_CDC_CfgFSDesc
                0x0000000020000068       0x43 ./Middlewares/ST/STM32_USB_Device_Library/Class/CDC/Src/usbd_cdc.o
                0x0000000020000068                USBD_CDC_CfgFSDesc
 *fill*         0x00000000200000ab        0x1 
 .data.USBD_CDC_CfgHSDesc
                0x00000000200000ac       0x43 ./Middlewares/ST/STM32_USB_Device_Library/Class/CDC/Src/usbd_cdc.o
                0x00000000200000ac                USBD_CDC_CfgHSDesc
 *fill*         0x00000000200000ef        0x1 
 .data.USBD_CDC_DeviceQualifierDesc
                0x00000000200000f0        0xa ./Middlewares/ST/STM32_USB_Device_Library/Class/CDC/Src/usbd_cdc.o
 *fill*         0x00000000200000fa        0x2 
 .data.USBD_CDC_OtherSpeedCfgDesc
                0x00000000200000fc       0x43 ./Middlewares/ST/STM32_USB_Device_Library/Class/CDC/Src/usbd_cdc.o
                0x00000000200000fc                USBD_CDC_OtherSpeedCfgDesc
 *fill*         0x000000002000013f        0x1 
 .data.USBD_Interface_fops_FS
                0x0000000020000140       0x10 ./USB_DEVICE/App/usbd_cdc_if.o
                0x0000000020000140                USBD_Interface_fops_FS
 .data.FS_Desc  0x0000000020000150       0x1c ./USB_DEVICE/App/usbd_desc.o
                0x0000000020000150                FS_Desc
 .data.USBD_FS_DeviceDesc
                0x000000002000016c       0x12 ./USB_DEVICE/App/usbd_desc.o
                0x000000002000016c                USBD_FS_DeviceDesc
 *fill*         0x000000002000017e        0x2 
 .data.USBD_LangIDDesc
                0x0000000020000180        0x4 ./USB_DEVICE/App/usbd_desc.o
                0x0000000020000180                USBD_LangIDDesc
 .data.USBD_StringSerial
                0x0000000020000184       0x1a ./USB_DEVICE/App/usbd_desc.o
                0x0000000020000184                USBD_StringSerial
 *fill*         0x000000002000019e        0x2 
 .data._impure_data
                0x00000000200001a0       0x4c C:/ST/STM32CubeIDE_1.13.2/STM32CubeIDE/plugins/com.st.stm32cube.ide.mcu.externaltools.gnu-tools-for-stm32.11.3.rel1.win32_1.1.1.202309131626/tools/bin/../lib/gcc/arm-none-eabi/11.3.1/../../../../arm-none-eabi/lib/thumb/v7-m/nofp\libc_nano.a(libc_a-impure.o)
                0x00000000200001a0                _impure_data
 .data._impure_ptr
                0x00000000200001ec        0x4 C:/ST/STM32CubeIDE_1.13.2/STM32CubeIDE/plugins/com.st.stm32cube.ide.mcu.externaltools.gnu-tools-for-stm32.11.3.rel1.win32_1.1.1.202309131626/tools/bin/../lib/gcc/arm-none-eabi/11.3.1/../../../../arm-none-eabi/lib/thumb/v7-m/nofp\libc_nano.a(libc_a-impure.o)
                0x00000000200001ec                _impure_ptr
 *(.RamFunc)
 *(.RamFunc*)
                0x00000000200001f0                . = ALIGN (0x4)
                0x00000000200001f0                _edata = .

.igot.plt       0x00000000200001f0        0x0 load address 0x0000000008006b14
 .igot.plt      0x00000000200001f0        0x0 C:/ST/STM32CubeIDE_1.13.2/STM32CubeIDE/plugins/com.st.stm32cube.ide.mcu.externaltools.gnu-tools-for-stm32.11.3.rel1.win32_1.1.1.202309131626/tools/bin/../lib/gcc/arm-none-eabi/11.3.1/thumb/v7-m/nofp/crtbegin.o
                0x00000000200001f0                . = ALIGN (0x4)

.bss            0x00000000200001f0     0x150c load address 0x0000000008006b14
                0x00000000200001f0                _sbss = .
                0x00000000200001f0                __bss_start__ = _sbss
 *(.bss)
 .bss           0x00000000200001f0       0x1c C:/ST/STM32CubeIDE_1.13.2/STM32CubeIDE/plugins/com.st.stm32cube.ide.mcu.externaltools.gnu-tools-for-stm32.11.3.rel1.win32_1.1.1.202309131626/tools/bin/../lib/gcc/arm-none-eabi/11.3.1/thumb/v7-m/nofp/crtbegin.o
 *(.bss*)
 .bss.hi2c      0x000000002000020c        0x4 ./Core/Src/EEPROM.o
                0x000000002000020c                hi2c
 .bss.lstTimeEEPROM
                0x0000000020000210        0x4 ./Core/Src/EEPROM.o
                0x0000000020000210                lstTimeEEPROM
 .bss.dma_values
                0x0000000020000214       0x24 ./Core/Src/analog.o
                0x0000000020000214                dma_values
 .bss.hadc      0x0000000020000238        0x4 ./Core/Src/analog.o
                0x0000000020000238                hadc
 .bss.status_ADC
                0x000000002000023c        0x1 ./Core/Src/analog.o
                0x000000002000023c                status_ADC
 *fill*         0x000000002000023d        0x3 
 .bss.sumADC    0x0000000020000240       0x48 ./Core/Src/analog.o
                0x0000000020000240                sumADC
 .bss.CardType  0x0000000020000288        0x1 ./Core/Src/fatfs_sd.o
 .bss.PowerFlag
                0x0000000020000289        0x1 ./Core/Src/fatfs_sd.o
 .bss.Timer1    0x000000002000028a        0x2 ./Core/Src/fatfs_sd.o
                0x000000002000028a                Timer1
 .bss.Timer2    0x000000002000028c        0x2 ./Core/Src/fatfs_sd.o
                0x000000002000028c                Timer2
 *fill*         0x000000002000028e        0x2 
 .bss.hadc1     0x0000000020000290       0x30 ./Core/Src/main.o
                0x0000000020000290                hadc1
 .bss.hdma_adc1
                0x00000000200002c0       0x44 ./Core/Src/main.o
                0x00000000200002c0                hdma_adc1
 .bss.hi2c1     0x0000000020000304       0x54 ./Core/Src/main.o
                0x0000000020000304                hi2c1
 .bss.hspi1     0x0000000020000358       0x58 ./Core/Src/main.o
                0x0000000020000358                hspi1
 .bss.latestRead
                0x00000000200003b0       0x24 ./Core/Src/main.o
                0x00000000200003b0                latestRead
 .bss.count_comm
                0x00000000200003d4        0x4 ./Core/Src/stm32f1xx_it.o
                0x00000000200003d4                count_comm
 .bss.uwTick    0x00000000200003d8        0x4 ./Drivers/STM32F1xx_HAL_Driver/Src/stm32f1xx_hal.o
                0x00000000200003d8                uwTick
 .bss.USERPath  0x00000000200003dc        0x4 ./FATFS/App/fatfs.o
                0x00000000200003dc                USERPath
 .bss.retUSER   0x00000000200003e0        0x1 ./FATFS/App/fatfs.o
                0x00000000200003e0                retUSER
 .bss.cfgidx.0  0x00000000200003e1        0x1 ./Middlewares/ST/STM32_USB_Device_Library/Core/Src/usbd_ctlreq.o
 *fill*         0x00000000200003e2        0x2 
 .bss.disk      0x00000000200003e4        0xc ./Middlewares/Third_Party/FatFs/src/ff_gen_drv.o
                0x00000000200003e4                disk
 .bss.hUsbDeviceFS
                0x00000000200003f0      0x2c4 ./USB_DEVICE/App/usb_device.o
                0x00000000200003f0                hUsbDeviceFS
 .bss.UserRxBufferFS
                0x00000000200006b4      0x400 ./USB_DEVICE/App/usbd_cdc_if.o
                0x00000000200006b4                UserRxBufferFS
 .bss.UserTxBufferFS
                0x0000000020000ab4      0x400 ./USB_DEVICE/App/usbd_cdc_if.o
                0x0000000020000ab4                UserTxBufferFS
 .bss.USBD_StrDesc
                0x0000000020000eb4      0x200 ./USB_DEVICE/App/usbd_desc.o
                0x0000000020000eb4                USBD_StrDesc
 .bss.hpcd_USB_FS
                0x00000000200010b4      0x2f0 ./USB_DEVICE/Target/usbd_conf.o
                0x00000000200010b4                hpcd_USB_FS
 .bss.mem.0     0x00000000200013a4      0x220 ./USB_DEVICE/Target/usbd_conf.o
 .bss.__sf      0x00000000200015c4      0x138 C:/ST/STM32CubeIDE_1.13.2/STM32CubeIDE/plugins/com.st.stm32cube.ide.mcu.externaltools.gnu-tools-for-stm32.11.3.rel1.win32_1.1.1.202309131626/tools/bin/../lib/gcc/arm-none-eabi/11.3.1/../../../../arm-none-eabi/lib/thumb/v7-m/nofp\libc_nano.a(libc_a-findfp.o)
                0x00000000200015c4                __sf
 *(COMMON)
                0x00000000200016fc                . = ALIGN (0x4)
                0x00000000200016fc                _ebss = .
                0x00000000200016fc                __bss_end__ = _ebss

._user_heap_stack
                0x00000000200016fc      0x604 load address 0x0000000008006b14
                0x0000000020001700                . = ALIGN (0x8)
 *fill*         0x00000000200016fc        0x4 
                [!provide]                        PROVIDE (end = .)
                0x0000000020001700                PROVIDE (_end = .)
                0x0000000020001900                . = (. + _Min_Heap_Size)
 *fill*         0x0000000020001700      0x200 
                0x0000000020001d00                . = (. + _Min_Stack_Size)
 *fill*         0x0000000020001900      0x400 
                0x0000000020001d00                . = ALIGN (0x8)

/DISCARD/
 libc.a(*)
 libm.a(*)
 libgcc.a(*)

.ARM.attributes
                0x0000000000000000       0x29
 *(.ARM.attributes)
 .ARM.attributes
                0x0000000000000000       0x1d C:/ST/STM32CubeIDE_1.13.2/STM32CubeIDE/plugins/com.st.stm32cube.ide.mcu.externaltools.gnu-tools-for-stm32.11.3.rel1.win32_1.1.1.202309131626/tools/bin/../lib/gcc/arm-none-eabi/11.3.1/thumb/v7-m/nofp/crti.o
 .ARM.attributes
                0x000000000000001d       0x2d C:/ST/STM32CubeIDE_1.13.2/STM32CubeIDE/plugins/com.st.stm32cube.ide.mcu.externaltools.gnu-tools-for-stm32.11.3.rel1.win32_1.1.1.202309131626/tools/bin/../lib/gcc/arm-none-eabi/11.3.1/thumb/v7-m/nofp/crtbegin.o
 .ARM.attributes
                0x000000000000004a       0x2d ./Core/Src/EEPROM.o
 .ARM.attributes
                0x0000000000000077       0x2d ./Core/Src/analog.o
 .ARM.attributes
                0x00000000000000a4       0x2d ./Core/Src/comm.o
 .ARM.attributes
                0x00000000000000d1       0x2d ./Core/Src/fatfs_sd.o
 .ARM.attributes
                0x00000000000000fe       0x2d ./Core/Src/main.o
 .ARM.attributes
                0x000000000000012b       0x2d ./Core/Src/stm32f1xx_hal_msp.o
 .ARM.attributes
                0x0000000000000158       0x2d ./Core/Src/stm32f1xx_it.o
 .ARM.attributes
                0x0000000000000185       0x2d ./Core/Src/system_stm32f1xx.o
 .ARM.attributes
                0x00000000000001b2       0x2d ./Core/Src/utils.o
 .ARM.attributes
                0x00000000000001df       0x21 ./Core/Startup/startup_stm32f103c8tx.o
 .ARM.attributes
                0x0000000000000200       0x2d ./Drivers/STM32F1xx_HAL_Driver/Src/stm32f1xx_hal.o
 .ARM.attributes
                0x000000000000022d       0x2d ./Drivers/STM32F1xx_HAL_Driver/Src/stm32f1xx_hal_adc.o
 .ARM.attributes
                0x000000000000025a       0x2d ./Drivers/STM32F1xx_HAL_Driver/Src/stm32f1xx_hal_adc_ex.o
 .ARM.attributes
                0x0000000000000287       0x2d ./Drivers/STM32F1xx_HAL_Driver/Src/stm32f1xx_hal_cortex.o
 .ARM.attributes
                0x00000000000002b4       0x2d ./Drivers/STM32F1xx_HAL_Driver/Src/stm32f1xx_hal_dma.o
 .ARM.attributes
                0x00000000000002e1       0x2d ./Drivers/STM32F1xx_HAL_Driver/Src/stm32f1xx_hal_gpio.o
 .ARM.attributes
                0x000000000000030e       0x2d ./Drivers/STM32F1xx_HAL_Driver/Src/stm32f1xx_hal_i2c.o
 .ARM.attributes
                0x000000000000033b       0x2d ./Drivers/STM32F1xx_HAL_Driver/Src/stm32f1xx_hal_pcd.o
 .ARM.attributes
                0x0000000000000368       0x2d ./Drivers/STM32F1xx_HAL_Driver/Src/stm32f1xx_hal_pcd_ex.o
 .ARM.attributes
                0x0000000000000395       0x2d ./Drivers/STM32F1xx_HAL_Driver/Src/stm32f1xx_hal_rcc.o
 .ARM.attributes
                0x00000000000003c2       0x2d ./Drivers/STM32F1xx_HAL_Driver/Src/stm32f1xx_hal_rcc_ex.o
 .ARM.attributes
                0x00000000000003ef       0x2d ./Drivers/STM32F1xx_HAL_Driver/Src/stm32f1xx_hal_spi.o
 .ARM.attributes
                0x000000000000041c       0x2d ./Drivers/STM32F1xx_HAL_Driver/Src/stm32f1xx_ll_gpio.o
 .ARM.attributes
                0x0000000000000449       0x2d ./Drivers/STM32F1xx_HAL_Driver/Src/stm32f1xx_ll_usb.o
 .ARM.attributes
                0x0000000000000476       0x2d ./Drivers/STM32F1xx_HAL_Driver/Src/stm32f1xx_ll_utils.o
 .ARM.attributes
                0x00000000000004a3       0x2d ./FATFS/App/fatfs.o
 .ARM.attributes
                0x00000000000004d0       0x2d ./FATFS/Target/user_diskio.o
 .ARM.attributes
                0x00000000000004fd       0x2d ./Middlewares/ST/STM32_USB_Device_Library/Class/CDC/Src/usbd_cdc.o
 .ARM.attributes
                0x000000000000052a       0x2d ./Middlewares/ST/STM32_USB_Device_Library/Core/Src/usbd_core.o
 .ARM.attributes
                0x0000000000000557       0x2d ./Middlewares/ST/STM32_USB_Device_Library/Core/Src/usbd_ctlreq.o
 .ARM.attributes
                0x0000000000000584       0x2d ./Middlewares/ST/STM32_USB_Device_Library/Core/Src/usbd_ioreq.o
 .ARM.attributes
                0x00000000000005b1       0x2d ./Middlewares/Third_Party/FatFs/src/ff_gen_drv.o
 .ARM.attributes
                0x00000000000005de       0x2d ./USB_DEVICE/App/usb_device.o
 .ARM.attributes
                0x000000000000060b       0x2d ./USB_DEVICE/App/usbd_cdc_if.o
 .ARM.attributes
                0x0000000000000638       0x2d ./USB_DEVICE/App/usbd_desc.o
 .ARM.attributes
                0x0000000000000665       0x2d ./USB_DEVICE/Target/usbd_conf.o
 .ARM.attributes
                0x0000000000000692       0x2d C:/ST/STM32CubeIDE_1.13.2/STM32CubeIDE/plugins/com.st.stm32cube.ide.mcu.externaltools.gnu-tools-for-stm32.11.3.rel1.win32_1.1.1.202309131626/tools/bin/../lib/gcc/arm-none-eabi/11.3.1/../../../../arm-none-eabi/lib/thumb/v7-m/nofp\libc_nano.a(libc_a-findfp.o)
 .ARM.attributes
                0x00000000000006bf       0x2d C:/ST/STM32CubeIDE_1.13.2/STM32CubeIDE/plugins/com.st.stm32cube.ide.mcu.externaltools.gnu-tools-for-stm32.11.3.rel1.win32_1.1.1.202309131626/tools/bin/../lib/gcc/arm-none-eabi/11.3.1/../../../../arm-none-eabi/lib/thumb/v7-m/nofp\libc_nano.a(libc_a-memset.o)
 .ARM.attributes
                0x00000000000006ec       0x2d C:/ST/STM32CubeIDE_1.13.2/STM32CubeIDE/plugins/com.st.stm32cube.ide.mcu.externaltools.gnu-tools-for-stm32.11.3.rel1.win32_1.1.1.202309131626/tools/bin/../lib/gcc/arm-none-eabi/11.3.1/../../../../arm-none-eabi/lib/thumb/v7-m/nofp\libc_nano.a(libc_a-impure.o)
 .ARM.attributes
                0x0000000000000719       0x2d C:/ST/STM32CubeIDE_1.13.2/STM32CubeIDE/plugins/com.st.stm32cube.ide.mcu.externaltools.gnu-tools-for-stm32.11.3.rel1.win32_1.1.1.202309131626/tools/bin/../lib/gcc/arm-none-eabi/11.3.1/../../../../arm-none-eabi/lib/thumb/v7-m/nofp\libc_nano.a(libc_a-errno.o)
 .ARM.attributes
                0x0000000000000746       0x2d C:/ST/STM32CubeIDE_1.13.2/STM32CubeIDE/plugins/com.st.stm32cube.ide.mcu.externaltools.gnu-tools-for-stm32.11.3.rel1.win32_1.1.1.202309131626/tools/bin/../lib/gcc/arm-none-eabi/11.3.1/../../../../arm-none-eabi/lib/thumb/v7-m/nofp\libc_nano.a(libc_a-init.o)
 .ARM.attributes
                0x0000000000000773       0x2d C:/ST/STM32CubeIDE_1.13.2/STM32CubeIDE/plugins/com.st.stm32cube.ide.mcu.externaltools.gnu-tools-for-stm32.11.3.rel1.win32_1.1.1.202309131626/tools/bin/../lib/gcc/arm-none-eabi/11.3.1/../../../../arm-none-eabi/lib/thumb/v7-m/nofp\libc_nano.a(libc_a-memcpy-stub.o)
 .ARM.attributes
                0x00000000000007a0       0x2d C:/ST/STM32CubeIDE_1.13.2/STM32CubeIDE/plugins/com.st.stm32cube.ide.mcu.externaltools.gnu-tools-for-stm32.11.3.rel1.win32_1.1.1.202309131626/tools/bin/../lib/gcc/arm-none-eabi/11.3.1/../../../../arm-none-eabi/lib/thumb/v7-m/nofp\libm.a(libm_a-w_log10.o)
 .ARM.attributes
                0x00000000000007cd       0x2d C:/ST/STM32CubeIDE_1.13.2/STM32CubeIDE/plugins/com.st.stm32cube.ide.mcu.externaltools.gnu-tools-for-stm32.11.3.rel1.win32_1.1.1.202309131626/tools/bin/../lib/gcc/arm-none-eabi/11.3.1/../../../../arm-none-eabi/lib/thumb/v7-m/nofp\libm.a(libm_a-s_nan.o)
 .ARM.attributes
                0x00000000000007fa       0x2d C:/ST/STM32CubeIDE_1.13.2/STM32CubeIDE/plugins/com.st.stm32cube.ide.mcu.externaltools.gnu-tools-for-stm32.11.3.rel1.win32_1.1.1.202309131626/tools/bin/../lib/gcc/arm-none-eabi/11.3.1/../../../../arm-none-eabi/lib/thumb/v7-m/nofp\libm.a(libm_a-e_log10.o)
 .ARM.attributes
                0x0000000000000827       0x2d C:/ST/STM32CubeIDE_1.13.2/STM32CubeIDE/plugins/com.st.stm32cube.ide.mcu.externaltools.gnu-tools-for-stm32.11.3.rel1.win32_1.1.1.202309131626/tools/bin/../lib/gcc/arm-none-eabi/11.3.1/../../../../arm-none-eabi/lib/thumb/v7-m/nofp\libm.a(libm_a-e_log.o)
 .ARM.attributes
                0x0000000000000854       0x1d C:/ST/STM32CubeIDE_1.13.2/STM32CubeIDE/plugins/com.st.stm32cube.ide.mcu.externaltools.gnu-tools-for-stm32.11.3.rel1.win32_1.1.1.202309131626/tools/bin/../lib/gcc/arm-none-eabi/11.3.1/thumb/v7-m/nofp\libgcc.a(_arm_addsubdf3.o)
 .ARM.attributes
                0x0000000000000871       0x1d C:/ST/STM32CubeIDE_1.13.2/STM32CubeIDE/plugins/com.st.stm32cube.ide.mcu.externaltools.gnu-tools-for-stm32.11.3.rel1.win32_1.1.1.202309131626/tools/bin/../lib/gcc/arm-none-eabi/11.3.1/thumb/v7-m/nofp\libgcc.a(_arm_muldivdf3.o)
 .ARM.attributes
                0x000000000000088e       0x1d C:/ST/STM32CubeIDE_1.13.2/STM32CubeIDE/plugins/com.st.stm32cube.ide.mcu.externaltools.gnu-tools-for-stm32.11.3.rel1.win32_1.1.1.202309131626/tools/bin/../lib/gcc/arm-none-eabi/11.3.1/thumb/v7-m/nofp\libgcc.a(_arm_cmpdf2.o)
 .ARM.attributes
                0x00000000000008ab       0x1d C:/ST/STM32CubeIDE_1.13.2/STM32CubeIDE/plugins/com.st.stm32cube.ide.mcu.externaltools.gnu-tools-for-stm32.11.3.rel1.win32_1.1.1.202309131626/tools/bin/../lib/gcc/arm-none-eabi/11.3.1/thumb/v7-m/nofp\libgcc.a(_arm_unorddf2.o)
 .ARM.attributes
                0x00000000000008c8       0x1d C:/ST/STM32CubeIDE_1.13.2/STM32CubeIDE/plugins/com.st.stm32cube.ide.mcu.externaltools.gnu-tools-for-stm32.11.3.rel1.win32_1.1.1.202309131626/tools/bin/../lib/gcc/arm-none-eabi/11.3.1/thumb/v7-m/nofp\libgcc.a(_arm_fixunsdfsi.o)
 .ARM.attributes
                0x00000000000008e5       0x1d C:/ST/STM32CubeIDE_1.13.2/STM32CubeIDE/plugins/com.st.stm32cube.ide.mcu.externaltools.gnu-tools-for-stm32.11.3.rel1.win32_1.1.1.202309131626/tools/bin/../lib/gcc/arm-none-eabi/11.3.1/thumb/v7-m/nofp\libgcc.a(_arm_addsubsf3.o)
 .ARM.attributes
                0x0000000000000902       0x1d C:/ST/STM32CubeIDE_1.13.2/STM32CubeIDE/plugins/com.st.stm32cube.ide.mcu.externaltools.gnu-tools-for-stm32.11.3.rel1.win32_1.1.1.202309131626/tools/bin/../lib/gcc/arm-none-eabi/11.3.1/thumb/v7-m/nofp\libgcc.a(_arm_muldivsf3.o)
 .ARM.attributes
                0x000000000000091f       0x1d C:/ST/STM32CubeIDE_1.13.2/STM32CubeIDE/plugins/com.st.stm32cube.ide.mcu.externaltools.gnu-tools-for-stm32.11.3.rel1.win32_1.1.1.202309131626/tools/bin/../lib/gcc/arm-none-eabi/11.3.1/thumb/v7-m/nofp\libgcc.a(_arm_cmpsf2.o)
 .ARM.attributes
                0x000000000000093c       0x1d C:/ST/STM32CubeIDE_1.13.2/STM32CubeIDE/plugins/com.st.stm32cube.ide.mcu.externaltools.gnu-tools-for-stm32.11.3.rel1.win32_1.1.1.202309131626/tools/bin/../lib/gcc/arm-none-eabi/11.3.1/thumb/v7-m/nofp\libgcc.a(_arm_fixunssfsi.o)
 .ARM.attributes
                0x0000000000000959       0x1d C:/ST/STM32CubeIDE_1.13.2/STM32CubeIDE/plugins/com.st.stm32cube.ide.mcu.externaltools.gnu-tools-for-stm32.11.3.rel1.win32_1.1.1.202309131626/tools/bin/../lib/gcc/arm-none-eabi/11.3.1/thumb/v7-m/nofp\libgcc.a(_aeabi_uldivmod.o)
 .ARM.attributes
                0x0000000000000976       0x2d C:/ST/STM32CubeIDE_1.13.2/STM32CubeIDE/plugins/com.st.stm32cube.ide.mcu.externaltools.gnu-tools-for-stm32.11.3.rel1.win32_1.1.1.202309131626/tools/bin/../lib/gcc/arm-none-eabi/11.3.1/thumb/v7-m/nofp\libgcc.a(_udivmoddi4.o)
 .ARM.attributes
                0x00000000000009a3       0x1d C:/ST/STM32CubeIDE_1.13.2/STM32CubeIDE/plugins/com.st.stm32cube.ide.mcu.externaltools.gnu-tools-for-stm32.11.3.rel1.win32_1.1.1.202309131626/tools/bin/../lib/gcc/arm-none-eabi/11.3.1/thumb/v7-m/nofp\libgcc.a(_dvmd_tls.o)
 .ARM.attributes
                0x00000000000009c0       0x1d C:/ST/STM32CubeIDE_1.13.2/STM32CubeIDE/plugins/com.st.stm32cube.ide.mcu.externaltools.gnu-tools-for-stm32.11.3.rel1.win32_1.1.1.202309131626/tools/bin/../lib/gcc/arm-none-eabi/11.3.1/thumb/v7-m/nofp/crtn.o
OUTPUT(PDM.elf elf32-littlearm)
LOAD linker stubs
LOAD C:/ST/STM32CubeIDE_1.13.2/STM32CubeIDE/plugins/com.st.stm32cube.ide.mcu.externaltools.gnu-tools-for-stm32.11.3.rel1.win32_1.1.1.202309131626/tools/bin/../lib/gcc/arm-none-eabi/11.3.1/../../../../arm-none-eabi/lib/thumb/v7-m/nofp\libc.a
LOAD C:/ST/STM32CubeIDE_1.13.2/STM32CubeIDE/plugins/com.st.stm32cube.ide.mcu.externaltools.gnu-tools-for-stm32.11.3.rel1.win32_1.1.1.202309131626/tools/bin/../lib/gcc/arm-none-eabi/11.3.1/../../../../arm-none-eabi/lib/thumb/v7-m/nofp\libm.a
LOAD C:/ST/STM32CubeIDE_1.13.2/STM32CubeIDE/plugins/com.st.stm32cube.ide.mcu.externaltools.gnu-tools-for-stm32.11.3.rel1.win32_1.1.1.202309131626/tools/bin/../lib/gcc/arm-none-eabi/11.3.1/thumb/v7-m/nofp\libgcc.a

.comment        0x0000000000000000       0x43
 .comment       0x0000000000000000       0x43 C:/ST/STM32CubeIDE_1.13.2/STM32CubeIDE/plugins/com.st.stm32cube.ide.mcu.externaltools.gnu-tools-for-stm32.11.3.rel1.win32_1.1.1.202309131626/tools/bin/../lib/gcc/arm-none-eabi/11.3.1/thumb/v7-m/nofp/crtbegin.o
                                         0x44 (size before relaxing)
 .comment       0x0000000000000043       0x44 ./Core/Src/EEPROM.o
 .comment       0x0000000000000043       0x44 ./Core/Src/analog.o
 .comment       0x0000000000000043       0x44 ./Core/Src/comm.o
 .comment       0x0000000000000043       0x44 ./Core/Src/fatfs_sd.o
 .comment       0x0000000000000043       0x44 ./Core/Src/main.o
 .comment       0x0000000000000043       0x44 ./Core/Src/stm32f1xx_hal_msp.o
 .comment       0x0000000000000043       0x44 ./Core/Src/stm32f1xx_it.o
 .comment       0x0000000000000043       0x44 ./Core/Src/system_stm32f1xx.o
 .comment       0x0000000000000043       0x44 ./Core/Src/utils.o
 .comment       0x0000000000000043       0x44 ./Drivers/STM32F1xx_HAL_Driver/Src/stm32f1xx_hal.o
 .comment       0x0000000000000043       0x44 ./Drivers/STM32F1xx_HAL_Driver/Src/stm32f1xx_hal_adc.o
 .comment       0x0000000000000043       0x44 ./Drivers/STM32F1xx_HAL_Driver/Src/stm32f1xx_hal_adc_ex.o
 .comment       0x0000000000000043       0x44 ./Drivers/STM32F1xx_HAL_Driver/Src/stm32f1xx_hal_cortex.o
 .comment       0x0000000000000043       0x44 ./Drivers/STM32F1xx_HAL_Driver/Src/stm32f1xx_hal_dma.o
 .comment       0x0000000000000043       0x44 ./Drivers/STM32F1xx_HAL_Driver/Src/stm32f1xx_hal_gpio.o
 .comment       0x0000000000000043       0x44 ./Drivers/STM32F1xx_HAL_Driver/Src/stm32f1xx_hal_i2c.o
 .comment       0x0000000000000043       0x44 ./Drivers/STM32F1xx_HAL_Driver/Src/stm32f1xx_hal_pcd.o
 .comment       0x0000000000000043       0x44 ./Drivers/STM32F1xx_HAL_Driver/Src/stm32f1xx_hal_pcd_ex.o
 .comment       0x0000000000000043       0x44 ./Drivers/STM32F1xx_HAL_Driver/Src/stm32f1xx_hal_rcc.o
 .comment       0x0000000000000043       0x44 ./Drivers/STM32F1xx_HAL_Driver/Src/stm32f1xx_hal_rcc_ex.o
 .comment       0x0000000000000043       0x44 ./Drivers/STM32F1xx_HAL_Driver/Src/stm32f1xx_hal_spi.o
 .comment       0x0000000000000043       0x44 ./Drivers/STM32F1xx_HAL_Driver/Src/stm32f1xx_ll_gpio.o
 .comment       0x0000000000000043       0x44 ./Drivers/STM32F1xx_HAL_Driver/Src/stm32f1xx_ll_usb.o
 .comment       0x0000000000000043       0x44 ./Drivers/STM32F1xx_HAL_Driver/Src/stm32f1xx_ll_utils.o
 .comment       0x0000000000000043       0x44 ./FATFS/App/fatfs.o
 .comment       0x0000000000000043       0x44 ./FATFS/Target/user_diskio.o
 .comment       0x0000000000000043       0x44 ./Middlewares/ST/STM32_USB_Device_Library/Class/CDC/Src/usbd_cdc.o
 .comment       0x0000000000000043       0x44 ./Middlewares/ST/STM32_USB_Device_Library/Core/Src/usbd_core.o
 .comment       0x0000000000000043       0x44 ./Middlewares/ST/STM32_USB_Device_Library/Core/Src/usbd_ctlreq.o
 .comment       0x0000000000000043       0x44 ./Middlewares/ST/STM32_USB_Device_Library/Core/Src/usbd_ioreq.o
 .comment       0x0000000000000043       0x44 ./Middlewares/Third_Party/FatFs/src/ff_gen_drv.o
 .comment       0x0000000000000043       0x44 ./USB_DEVICE/App/usb_device.o
 .comment       0x0000000000000043       0x44 ./USB_DEVICE/App/usbd_cdc_if.o
 .comment       0x0000000000000043       0x44 ./USB_DEVICE/App/usbd_desc.o
 .comment       0x0000000000000043       0x44 ./USB_DEVICE/Target/usbd_conf.o

.debug_frame    0x0000000000000000      0x678
 .debug_frame   0x0000000000000000      0x144 C:/ST/STM32CubeIDE_1.13.2/STM32CubeIDE/plugins/com.st.stm32cube.ide.mcu.externaltools.gnu-tools-for-stm32.11.3.rel1.win32_1.1.1.202309131626/tools/bin/../lib/gcc/arm-none-eabi/11.3.1/../../../../arm-none-eabi/lib/thumb/v7-m/nofp\libc_nano.a(libc_a-findfp.o)
 .debug_frame   0x0000000000000144       0x20 C:/ST/STM32CubeIDE_1.13.2/STM32CubeIDE/plugins/com.st.stm32cube.ide.mcu.externaltools.gnu-tools-for-stm32.11.3.rel1.win32_1.1.1.202309131626/tools/bin/../lib/gcc/arm-none-eabi/11.3.1/../../../../arm-none-eabi/lib/thumb/v7-m/nofp\libc_nano.a(libc_a-memset.o)
 .debug_frame   0x0000000000000164       0x20 C:/ST/STM32CubeIDE_1.13.2/STM32CubeIDE/plugins/com.st.stm32cube.ide.mcu.externaltools.gnu-tools-for-stm32.11.3.rel1.win32_1.1.1.202309131626/tools/bin/../lib/gcc/arm-none-eabi/11.3.1/../../../../arm-none-eabi/lib/thumb/v7-m/nofp\libc_nano.a(libc_a-errno.o)
 .debug_frame   0x0000000000000184       0x2c C:/ST/STM32CubeIDE_1.13.2/STM32CubeIDE/plugins/com.st.stm32cube.ide.mcu.externaltools.gnu-tools-for-stm32.11.3.rel1.win32_1.1.1.202309131626/tools/bin/../lib/gcc/arm-none-eabi/11.3.1/../../../../arm-none-eabi/lib/thumb/v7-m/nofp\libc_nano.a(libc_a-init.o)
 .debug_frame   0x00000000000001b0       0x28 C:/ST/STM32CubeIDE_1.13.2/STM32CubeIDE/plugins/com.st.stm32cube.ide.mcu.externaltools.gnu-tools-for-stm32.11.3.rel1.win32_1.1.1.202309131626/tools/bin/../lib/gcc/arm-none-eabi/11.3.1/../../../../arm-none-eabi/lib/thumb/v7-m/nofp\libc_nano.a(libc_a-memcpy-stub.o)
 .debug_frame   0x00000000000001d8       0x38 C:/ST/STM32CubeIDE_1.13.2/STM32CubeIDE/plugins/com.st.stm32cube.ide.mcu.externaltools.gnu-tools-for-stm32.11.3.rel1.win32_1.1.1.202309131626/tools/bin/../lib/gcc/arm-none-eabi/11.3.1/../../../../arm-none-eabi/lib/thumb/v7-m/nofp\libm.a(libm_a-w_log10.o)
 .debug_frame   0x0000000000000210       0x20 C:/ST/STM32CubeIDE_1.13.2/STM32CubeIDE/plugins/com.st.stm32cube.ide.mcu.externaltools.gnu-tools-for-stm32.11.3.rel1.win32_1.1.1.202309131626/tools/bin/../lib/gcc/arm-none-eabi/11.3.1/../../../../arm-none-eabi/lib/thumb/v7-m/nofp\libm.a(libm_a-s_nan.o)
 .debug_frame   0x0000000000000230       0x34 C:/ST/STM32CubeIDE_1.13.2/STM32CubeIDE/plugins/com.st.stm32cube.ide.mcu.externaltools.gnu-tools-for-stm32.11.3.rel1.win32_1.1.1.202309131626/tools/bin/../lib/gcc/arm-none-eabi/11.3.1/../../../../arm-none-eabi/lib/thumb/v7-m/nofp\libm.a(libm_a-e_log10.o)
 .debug_frame   0x0000000000000264       0x40 C:/ST/STM32CubeIDE_1.13.2/STM32CubeIDE/plugins/com.st.stm32cube.ide.mcu.externaltools.gnu-tools-for-stm32.11.3.rel1.win32_1.1.1.202309131626/tools/bin/../lib/gcc/arm-none-eabi/11.3.1/../../../../arm-none-eabi/lib/thumb/v7-m/nofp\libm.a(libm_a-e_log.o)
 .debug_frame   0x00000000000002a4       0xac C:/ST/STM32CubeIDE_1.13.2/STM32CubeIDE/plugins/com.st.stm32cube.ide.mcu.externaltools.gnu-tools-for-stm32.11.3.rel1.win32_1.1.1.202309131626/tools/bin/../lib/gcc/arm-none-eabi/11.3.1/thumb/v7-m/nofp\libgcc.a(_arm_addsubdf3.o)
 .debug_frame   0x0000000000000350       0x50 C:/ST/STM32CubeIDE_1.13.2/STM32CubeIDE/plugins/com.st.stm32cube.ide.mcu.externaltools.gnu-tools-for-stm32.11.3.rel1.win32_1.1.1.202309131626/tools/bin/../lib/gcc/arm-none-eabi/11.3.1/thumb/v7-m/nofp\libgcc.a(_arm_muldivdf3.o)
 .debug_frame   0x00000000000003a0       0xc4 C:/ST/STM32CubeIDE_1.13.2/STM32CubeIDE/plugins/com.st.stm32cube.ide.mcu.externaltools.gnu-tools-for-stm32.11.3.rel1.win32_1.1.1.202309131626/tools/bin/../lib/gcc/arm-none-eabi/11.3.1/thumb/v7-m/nofp\libgcc.a(_arm_cmpdf2.o)
 .debug_frame   0x0000000000000464       0x20 C:/ST/STM32CubeIDE_1.13.2/STM32CubeIDE/plugins/com.st.stm32cube.ide.mcu.externaltools.gnu-tools-for-stm32.11.3.rel1.win32_1.1.1.202309131626/tools/bin/../lib/gcc/arm-none-eabi/11.3.1/thumb/v7-m/nofp\libgcc.a(_arm_unorddf2.o)
 .debug_frame   0x0000000000000484       0x24 C:/ST/STM32CubeIDE_1.13.2/STM32CubeIDE/plugins/com.st.stm32cube.ide.mcu.externaltools.gnu-tools-for-stm32.11.3.rel1.win32_1.1.1.202309131626/tools/bin/../lib/gcc/arm-none-eabi/11.3.1/thumb/v7-m/nofp\libgcc.a(_arm_fixunsdfsi.o)